<html>
<body>
<pre>
<h1>µVision Build Log</h1>
<h2>Tool Versions:</h2>
IDE-Version: µVision V5.38.0.0
Copyright (C) 2022 ARM Ltd and ARM Germany GmbH. All rights reserved.
License Information: Yousef Youssef, Ain Shams University, LIC=----
 
Tool Versions:
Toolchain:       MDK-Lite  Version: 5.38.0.0
Toolchain Path:  C:\Keil_v5\ARM\ARMCLANG\Bin
C Compiler:      ArmClang.exe V6.19
Assembler:       Armasm.exe V6.19
Linker/Locator:  ArmLink.exe V6.19
Library Manager: ArmAr.exe V6.19
Hex Converter:   FromElf.exe V6.19
CPU DLL:         SARMCM3.DLL V5.38.0.0
Dialog DLL:      DCM.DLL V1.17.5.0
Target DLL:      lmidk-agdi.dll V???
Dialog DLL:      TCM.DLL V1.56.4.0
 
<h2>Project:</h2>
C:\Users\youss\Documents\Projects\Embedded Project\Embedded Project.uvprojx
Project File Date:  12/29/2023

<h2>Output:</h2>
*** Using Compiler 'V6.19', folder: 'C:\Keil_v5\ARM\ARMCLANG\Bin'
Rebuild target 'TM4C'
RTE/Device/TM4C123GH6PM/system_TM4C123.c(13): warning: In file included from...
C:/Users/youss/AppData/Local/Arm/Packs/Keil/TM4C_DFP/1.1.0/Device/Include/TM4C123\TM4C123.h(98): warning: In file included from...
C:/Users/youss/AppData/Local/Arm/Packs/Keil/TM4C_DFP/1.1.0/Device/Include/TM4C123/TM4C123GH6PM.h(298): warning: anonymous unions are a C11 extension [-Wc11-extensions]
  union {
  ^
C:/Users/youss/AppData/Local/Arm/Packs/Keil/TM4C_DFP/1.1.0/Device/Include/TM4C123/TM4C123GH6PM.h(338): warning: anonymous unions are a C11 extension [-Wc11-extensions]
  union {
  ^
C:/Users/youss/AppData/Local/Arm/Packs/Keil/TM4C_DFP/1.1.0/Device/Include/TM4C123/TM4C123GH6PM.h(357): warning: anonymous unions are a C11 extension [-Wc11-extensions]
  union {
  ^
C:/Users/youss/AppData/Local/Arm/Packs/Keil/TM4C_DFP/1.1.0/Device/Include/TM4C123/TM4C123GH6PM.h(713): warning: anonymous unions are a C11 extension [-Wc11-extensions]
  union {
  ^
C:/Users/youss/AppData/Local/Arm/Packs/Keil/TM4C_DFP/1.1.0/Device/Include/TM4C123/TM4C123GH6PM.h(729): warning: anonymous unions are a C11 extension [-Wc11-extensions]
  union {
  ^
C:/Users/youss/AppData/Local/Arm/Packs/Keil/TM4C_DFP/1.1.0/Device/Include/TM4C123/TM4C123GH6PM.h(774): warning: anonymous unions are a C11 extension [-Wc11-extensions]
  union {
  ^
C:/Users/youss/AppData/Local/Arm/Packs/Keil/TM4C_DFP/1.1.0/Device/Include/TM4C123/TM4C123GH6PM.h(779): warning: anonymous unions are a C11 extension [-Wc11-extensions]
  union {
  ^
C:/Users/youss/AppData/Local/Arm/Packs/Keil/TM4C_DFP/1.1.0/Device/Include/TM4C123/TM4C123GH6PM.h(872): warning: anonymous unions are a C11 extension [-Wc11-extensions]
  union {
  ^
C:/Users/youss/AppData/Local/Arm/Packs/Keil/TM4C_DFP/1.1.0/Device/Include/TM4C123/TM4C123GH6PM.h(885): warning: anonymous unions are a C11 extension [-Wc11-extensions]
  union {
  ^
C:/Users/youss/AppData/Local/Arm/Packs/Keil/TM4C_DFP/1.1.0/Device/Include/TM4C123/TM4C123GH6PM.h(892): warning: anonymous unions are a C11 extension [-Wc11-extensions]
  union {
  ^
C:/Users/youss/AppData/Local/Arm/Packs/Keil/TM4C_DFP/1.1.0/Device/Include/TM4C123/TM4C123GH6PM.h(897): warning: anonymous unions are a C11 extension [-Wc11-extensions]
  union {
  ^
C:/Users/youss/AppData/Local/Arm/Packs/Keil/TM4C_DFP/1.1.0/Device/Include/TM4C123/TM4C123GH6PM.h(904): warning: anonymous unions are a C11 extension [-Wc11-extensions]
  union {
  ^
C:/Users/youss/AppData/Local/Arm/Packs/Keil/TM4C_DFP/1.1.0/Device/Include/TM4C123/TM4C123GH6PM.h(910): warning: anonymous unions are a C11 extension [-Wc11-extensions]
  union {
  ^
C:/Users/youss/AppData/Local/Arm/Packs/Keil/TM4C_DFP/1.1.0/Device/Include/TM4C123/TM4C123GH6PM.h(917): warning: anonymous unions are a C11 extension [-Wc11-extensions]
  union {
  ^
C:/Users/youss/AppData/Local/Arm/Packs/Keil/TM4C_DFP/1.1.0/Device/Include/TM4C123/TM4C123GH6PM.h(924): warning: anonymous unions are a C11 extension [-Wc11-extensions]
  union {
  ^
C:/Users/youss/AppData/Local/Arm/Packs/Keil/TM4C_DFP/1.1.0/Device/Include/TM4C123/TM4C123GH6PM.h(929): warning: anonymous unions are a C11 extension [-Wc11-extensions]
  union {
  ^
C:/Users/youss/AppData/Local/Arm/Packs/Keil/TM4C_DFP/1.1.0/Device/Include/TM4C123/TM4C123GH6PM.h(936): warning: anonymous unions are a C11 extension [-Wc11-extensions]
  union {
  ^
C:/Users/youss/AppData/Local/Arm/Packs/Keil/TM4C_DFP/1.1.0/Device/Include/TM4C123/TM4C123GH6PM.h(942): warning: anonymous unions are a C11 extension [-Wc11-extensions]
  union {
  ^
C:/Users/youss/AppData/Local/Arm/Packs/Keil/TM4C_DFP/1.1.0/Device/Include/TM4C123/TM4C123GH6PM.h(949): warning: anonymous unions are a C11 extension [-Wc11-extensions]
  union {
  ^
C:/Users/youss/AppData/Local/Arm/Packs/Keil/TM4C_DFP/1.1.0/Device/Include/TM4C123/TM4C123GH6PM.h(956): warning: anonymous unions are a C11 extension [-Wc11-extensions]
  union {
  ^
C:/Users/youss/AppData/Local/Arm/Packs/Keil/TM4C_DFP/1.1.0/Device/Include/TM4C123/TM4C123GH6PM.h(961): warning: anonymous unions are a C11 extension [-Wc11-extensions]
  union {
  ^
C:/Users/youss/AppData/Local/Arm/Packs/Keil/TM4C_DFP/1.1.0/Device/Include/TM4C123/TM4C123GH6PM.h(968): warning: anonymous unions are a C11 extension [-Wc11-extensions]
  union {
  ^
C:/Users/youss/AppData/Local/Arm/Packs/Keil/TM4C_DFP/1.1.0/Device/Include/TM4C123/TM4C123GH6PM.h(974): warning: anonymous unions are a C11 extension [-Wc11-extensions]
  union {
  ^
C:/Users/youss/AppData/Local/Arm/Packs/Keil/TM4C_DFP/1.1.0/Device/Include/TM4C123/TM4C123GH6PM.h(981): warning: anonymous unions are a C11 extension [-Wc11-extensions]
  union {
  ^
C:/Users/youss/AppData/Local/Arm/Packs/Keil/TM4C_DFP/1.1.0/Device/Include/TM4C123/TM4C123GH6PM.h(988): warning: anonymous unions are a C11 extension [-Wc11-extensions]
  union {
  ^
C:/Users/youss/AppData/Local/Arm/Packs/Keil/TM4C_DFP/1.1.0/Device/Include/TM4C123/TM4C123GH6PM.h(993): warning: anonymous unions are a C11 extension [-Wc11-extensions]
  union {
  ^
C:/Users/youss/AppData/Local/Arm/Packs/Keil/TM4C_DFP/1.1.0/Device/Include/TM4C123/TM4C123GH6PM.h(1000): warning: anonymous unions are a C11 extension [-Wc11-extensions]
  union {
  ^
C:/Users/youss/AppData/Local/Arm/Packs/Keil/TM4C_DFP/1.1.0/Device/Include/TM4C123/TM4C123GH6PM.h(1006): warning: anonymous unions are a C11 extension [-Wc11-extensions]
  union {
  ^
C:/Users/youss/AppData/Local/Arm/Packs/Keil/TM4C_DFP/1.1.0/Device/Include/TM4C123/TM4C123GH6PM.h(1013): warning: anonymous unions are a C11 extension [-Wc11-extensions]
  union {
  ^
C:/Users/youss/AppData/Local/Arm/Packs/Keil/TM4C_DFP/1.1.0/Device/Include/TM4C123/TM4C123GH6PM.h(1020): warning: anonymous unions are a C11 extension [-Wc11-extensions]
  union {
  ^
C:/Users/youss/AppData/Local/Arm/Packs/Keil/TM4C_DFP/1.1.0/Device/Include/TM4C123/TM4C123GH6PM.h(1025): warning: anonymous unions are a C11 extension [-Wc11-extensions]
  union {
  ^
C:/Users/youss/AppData/Local/Arm/Packs/Keil/TM4C_DFP/1.1.0/Device/Include/TM4C123/TM4C123GH6PM.h(1032): warning: anonymous unions are a C11 extension [-Wc11-extensions]
  union {
  ^
C:/Users/youss/AppData/Local/Arm/Packs/Keil/TM4C_DFP/1.1.0/Device/Include/TM4C123/TM4C123GH6PM.h(1038): warning: anonymous unions are a C11 extension [-Wc11-extensions]
  union {
  ^
C:/Users/youss/AppData/Local/Arm/Packs/Keil/TM4C_DFP/1.1.0/Device/Include/TM4C123/TM4C123GH6PM.h(1045): warning: anonymous unions are a C11 extension [-Wc11-extensions]
  union {
  ^
C:/Users/youss/AppData/Local/Arm/Packs/Keil/TM4C_DFP/1.1.0/Device/Include/TM4C123/TM4C123GH6PM.h(1052): warning: anonymous unions are a C11 extension [-Wc11-extensions]
  union {
  ^
C:/Users/youss/AppData/Local/Arm/Packs/Keil/TM4C_DFP/1.1.0/Device/Include/TM4C123/TM4C123GH6PM.h(1057): warning: anonymous unions are a C11 extension [-Wc11-extensions]
  union {
  ^
C:/Users/youss/AppData/Local/Arm/Packs/Keil/TM4C_DFP/1.1.0/Device/Include/TM4C123/TM4C123GH6PM.h(1064): warning: anonymous unions are a C11 extension [-Wc11-extensions]
  union {
  ^
C:/Users/youss/AppData/Local/Arm/Packs/Keil/TM4C_DFP/1.1.0/Device/Include/TM4C123/TM4C123GH6PM.h(1070): warning: anonymous unions are a C11 extension [-Wc11-extensions]
  union {
  ^
C:/Users/youss/AppData/Local/Arm/Packs/Keil/TM4C_DFP/1.1.0/Device/Include/TM4C123/TM4C123GH6PM.h(1077): warning: anonymous unions are a C11 extension [-Wc11-extensions]
  union {
  ^
C:/Users/youss/AppData/Local/Arm/Packs/Keil/TM4C_DFP/1.1.0/Device/Include/TM4C123/TM4C123GH6PM.h(1084): warning: anonymous unions are a C11 extension [-Wc11-extensions]
  union {
  ^
C:/Users/youss/AppData/Local/Arm/Packs/Keil/TM4C_DFP/1.1.0/Device/Include/TM4C123/TM4C123GH6PM.h(1089): warning: anonymous unions are a C11 extension [-Wc11-extensions]
  union {
  ^
C:/Users/youss/AppData/Local/Arm/Packs/Keil/TM4C_DFP/1.1.0/Device/Include/TM4C123/TM4C123GH6PM.h(1096): warning: anonymous unions are a C11 extension [-Wc11-extensions]
  union {
  ^
C:/Users/youss/AppData/Local/Arm/Packs/Keil/TM4C_DFP/1.1.0/Device/Include/TM4C123/TM4C123GH6PM.h(1102): warning: anonymous unions are a C11 extension [-Wc11-extensions]
  union {
  ^
C:/Users/youss/AppData/Local/Arm/Packs/Keil/TM4C_DFP/1.1.0/Device/Include/TM4C123/TM4C123GH6PM.h(1251): warning: anonymous unions are a C11 extension [-Wc11-extensions]
  union {
  ^
RTE/Device/TM4C123GH6PM/system_TM4C123.c(19): warning: // comments are not allowed in this language [-Wcomment]
//-------- <<< Use Configuration Wizard in Context Menu >>> ------------------
^
45 warnings generated.
compiling system_TM4C123.c...
bluetooth.c(1): warning: In file included from...
./tm4cstruct.h(317): warning: // comments are not allowed in this language [-Wcomment]
//#include "system_TM4C123GH6PM.h"                    /*!< TM4C123GH6PM System                                                   */
^
./tm4cstruct.h(447): warning: anonymous unions are a C11 extension [-Wc11-extensions]
  union {
  ^
./tm4cstruct.h(487): warning: anonymous unions are a C11 extension [-Wc11-extensions]
  union {
  ^
./tm4cstruct.h(506): warning: anonymous unions are a C11 extension [-Wc11-extensions]
  union {
  ^
./tm4cstruct.h(862): warning: anonymous unions are a C11 extension [-Wc11-extensions]
  union {
  ^
./tm4cstruct.h(878): warning: anonymous unions are a C11 extension [-Wc11-extensions]
  union {
  ^
./tm4cstruct.h(923): warning: anonymous unions are a C11 extension [-Wc11-extensions]
  union {
  ^
./tm4cstruct.h(928): warning: anonymous unions are a C11 extension [-Wc11-extensions]
  union {
  ^
./tm4cstruct.h(1023): warning: anonymous unions are a C11 extension [-Wc11-extensions]
  union {
  ^
./tm4cstruct.h(1036): warning: anonymous unions are a C11 extension [-Wc11-extensions]
  union {
  ^
./tm4cstruct.h(1043): warning: anonymous unions are a C11 extension [-Wc11-extensions]
  union {
  ^
./tm4cstruct.h(1048): warning: anonymous unions are a C11 extension [-Wc11-extensions]
  union {
  ^
./tm4cstruct.h(1055): warning: anonymous unions are a C11 extension [-Wc11-extensions]
  union {
  ^
./tm4cstruct.h(1061): warning: anonymous unions are a C11 extension [-Wc11-extensions]
  union {
  ^
./tm4cstruct.h(1068): warning: anonymous unions are a C11 extension [-Wc11-extensions]
  union {
  ^
./tm4cstruct.h(1075): warning: anonymous unions are a C11 extension [-Wc11-extensions]
  union {
  ^
./tm4cstruct.h(1080): warning: anonymous unions are a C11 extension [-Wc11-extensions]
  union {
  ^
./tm4cstruct.h(1087): warning: anonymous unions are a C11 extension [-Wc11-extensions]
  union {
  ^
./tm4cstruct.h(1093): warning: anonymous unions are a C11 extension [-Wc11-extensions]
  union {
  ^
./tm4cstruct.h(1100): warning: anonymous unions are a C11 extension [-Wc11-extensions]
  union {
  ^
./tm4cstruct.h(1107): warning: anonymous unions are a C11 extension [-Wc11-extensions]
  union {
  ^
./tm4cstruct.h(1112): warning: anonymous unions are a C11 extension [-Wc11-extensions]
  union {
  ^
./tm4cstruct.h(1119): warning: anonymous unions are a C11 extension [-Wc11-extensions]
  union {
  ^
./tm4cstruct.h(1125): warning: anonymous unions are a C11 extension [-Wc11-extensions]
  union {
  ^
./tm4cstruct.h(1132): warning: anonymous unions are a C11 extension [-Wc11-extensions]
  union {
  ^
./tm4cstruct.h(1139): warning: anonymous unions are a C11 extension [-Wc11-extensions]
  union {
  ^
./tm4cstruct.h(1144): warning: anonymous unions are a C11 extension [-Wc11-extensions]
  union {
  ^
./tm4cstruct.h(1151): warning: anonymous unions are a C11 extension [-Wc11-extensions]
  union {
  ^
./tm4cstruct.h(1157): warning: anonymous unions are a C11 extension [-Wc11-extensions]
  union {
  ^
./tm4cstruct.h(1164): warning: anonymous unions are a C11 extension [-Wc11-extensions]
  union {
  ^
./tm4cstruct.h(1171): warning: anonymous unions are a C11 extension [-Wc11-extensions]
  union {
  ^
./tm4cstruct.h(1176): warning: anonymous unions are a C11 extension [-Wc11-extensions]
  union {
  ^
./tm4cstruct.h(1183): warning: anonymous unions are a C11 extension [-Wc11-extensions]
  union {
  ^
./tm4cstruct.h(1189): warning: anonymous unions are a C11 extension [-Wc11-extensions]
  union {
  ^
./tm4cstruct.h(1196): warning: anonymous unions are a C11 extension [-Wc11-extensions]
  union {
  ^
./tm4cstruct.h(1203): warning: anonymous unions are a C11 extension [-Wc11-extensions]
  union {
  ^
./tm4cstruct.h(1208): warning: anonymous unions are a C11 extension [-Wc11-extensions]
  union {
  ^
./tm4cstruct.h(1215): warning: anonymous unions are a C11 extension [-Wc11-extensions]
  union {
  ^
./tm4cstruct.h(1221): warning: anonymous unions are a C11 extension [-Wc11-extensions]
  union {
  ^
./tm4cstruct.h(1228): warning: anonymous unions are a C11 extension [-Wc11-extensions]
  union {
  ^
./tm4cstruct.h(1235): warning: anonymous unions are a C11 extension [-Wc11-extensions]
  union {
  ^
./tm4cstruct.h(1240): warning: anonymous unions are a C11 extension [-Wc11-extensions]
  union {
  ^
./tm4cstruct.h(1247): warning: anonymous unions are a C11 extension [-Wc11-extensions]
  union {
  ^
./tm4cstruct.h(1253): warning: anonymous unions are a C11 extension [-Wc11-extensions]
  union {
  ^
./tm4cstruct.h(1402): warning: anonymous unions are a C11 extension [-Wc11-extensions]
  union {
  ^
bluetooth.c(2): warning: In file included from...
./bluetooth.h(12): warning: no newline at end of file [-Wnewline-eof]
char bluetooth_read(void);
                          ^
bluetooth.c(6): warning: // comments are not allowed in this language [-Wcomment]
        //Sha8al clock UART5
        ^
bluetooth.c(8): warning: & has lower precedence than ==; == will be evaluated first [-Wparentheses]
        while(SYSCTL->RCGCUART & 0x20 == 0);
                               ^~~~~~~~~~~
bluetooth.c(8): note: place parentheses around the '==' expression to silence this warning
        while(SYSCTL->RCGCUART & 0x20 == 0);
                               ^
                                 (        )
bluetooth.c(8): note: place parentheses around the & expression to evaluate it first
        while(SYSCTL->RCGCUART & 0x20 == 0);
              ~~~~~~~~~~~~~~~~~^~~~~~
bluetooth.c(14): warning: & has lower precedence than ==; == will be evaluated first [-Wparentheses]
        while(SYSCTL->RCGCGPIO & 0x10 == 0);
                               ^~~~~~~~~~~
bluetooth.c(14): note: place parentheses around the '==' expression to silence this warning
        while(SYSCTL->RCGCGPIO & 0x10 == 0);
                               ^
                                 (        )
bluetooth.c(14): note: place parentheses around the & expression to evaluate it first
        while(SYSCTL->RCGCGPIO & 0x10 == 0);
              ~~~~~~~~~~~~~~~~~^~~~~~
bluetooth.c(57): warning: implicit conversion loses integer precision: 'volatile uint32_t' (aka 'volatile unsigned int') to 'char' [-Wimplicit-int-conversion]
    data = UART5->DR;   /* before giving it another byte */
         ~ ~~~~~~~^~
bluetooth.c(56): warning: while loop has empty body [-Wempty-body]
          while((UART5->FR & (1<<4)) != 0); /* wait until Rx buffer is not full */
                                          ^
bluetooth.c(56): note: put the semicolon on a separate line to silence this warning
51 warnings generated.
compiling bluetooth.c...
uart0.c(1): warning: In file included from...
./uart0.h(3): warning: a function declaration without a prototype is deprecated in all versions of C [-Wstrict-prototypes]
void uart0_init();
               ^
                void
./uart0.h(6): warning: no newline at end of file [-Wnewline-eof]
void print_message_uart0(char *str);
                                    ^
uart0.c(2): warning: In file included from...
./tm4cstruct.h(317): warning: // comments are not allowed in this language [-Wcomment]
//#include "system_TM4C123GH6PM.h"                    /*!< TM4C123GH6PM System                                                   */
^
./tm4cstruct.h(447): warning: anonymous unions are a C11 extension [-Wc11-extensions]
  union {
  ^
./tm4cstruct.h(487): warning: anonymous unions are a C11 extension [-Wc11-extensions]
  union {
  ^
./tm4cstruct.h(506): warning: anonymous unions are a C11 extension [-Wc11-extensions]
  union {
  ^
./tm4cstruct.h(862): warning: anonymous unions are a C11 extension [-Wc11-extensions]
  union {
  ^
./tm4cstruct.h(878): warning: anonymous unions are a C11 extension [-Wc11-extensions]
  union {
  ^
./tm4cstruct.h(923): warning: anonymous unions are a C11 extension [-Wc11-extensions]
  union {
  ^
./tm4cstruct.h(928): warning: anonymous unions are a C11 extension [-Wc11-extensions]
  union {
  ^
./tm4cstruct.h(1023): warning: anonymous unions are a C11 extension [-Wc11-extensions]
  union {
  ^
./tm4cstruct.h(1036): warning: anonymous unions are a C11 extension [-Wc11-extensions]
  union {
  ^
./tm4cstruct.h(1043): warning: anonymous unions are a C11 extension [-Wc11-extensions]
  union {
  ^
./tm4cstruct.h(1048): warning: anonymous unions are a C11 extension [-Wc11-extensions]
  union {
  ^
./tm4cstruct.h(1055): warning: anonymous unions are a C11 extension [-Wc11-extensions]
  union {
  ^
./tm4cstruct.h(1061): warning: anonymous unions are a C11 extension [-Wc11-extensions]
  union {
  ^
./tm4cstruct.h(1068): warning: anonymous unions are a C11 extension [-Wc11-extensions]
  union {
  ^
./tm4cstruct.h(1075): warning: anonymous unions are a C11 extension [-Wc11-extensions]
  union {
  ^
./tm4cstruct.h(1080): warning: anonymous unions are a C11 extension [-Wc11-extensions]
  union {
  ^
./tm4cstruct.h(1087): warning: anonymous unions are a C11 extension [-Wc11-extensions]
  union {
  ^
./tm4cstruct.h(1093): warning: anonymous unions are a C11 extension [-Wc11-extensions]
  union {
  ^
./tm4cstruct.h(1100): warning: anonymous unions are a C11 extension [-Wc11-extensions]
  union {
  ^
./tm4cstruct.h(1107): warning: anonymous unions are a C11 extension [-Wc11-extensions]
  union {
  ^
./tm4cstruct.h(1112): warning: anonymous unions are a C11 extension [-Wc11-extensions]
  union {
  ^
./tm4cstruct.h(1119): warning: anonymous unions are a C11 extension [-Wc11-extensions]
  union {
  ^
./tm4cstruct.h(1125): warning: anonymous unions are a C11 extension [-Wc11-extensions]
  union {
  ^
./tm4cstruct.h(1132): warning: anonymous unions are a C11 extension [-Wc11-extensions]
  union {
  ^
./tm4cstruct.h(1139): warning: anonymous unions are a C11 extension [-Wc11-extensions]
  union {
  ^
./tm4cstruct.h(1144): warning: anonymous unions are a C11 extension [-Wc11-extensions]
  union {
  ^
./tm4cstruct.h(1151): warning: anonymous unions are a C11 extension [-Wc11-extensions]
  union {
  ^
./tm4cstruct.h(1157): warning: anonymous unions are a C11 extension [-Wc11-extensions]
  union {
  ^
./tm4cstruct.h(1164): warning: anonymous unions are a C11 extension [-Wc11-extensions]
  union {
  ^
./tm4cstruct.h(1171): warning: anonymous unions are a C11 extension [-Wc11-extensions]
  union {
  ^
./tm4cstruct.h(1176): warning: anonymous unions are a C11 extension [-Wc11-extensions]
  union {
  ^
./tm4cstruct.h(1183): warning: anonymous unions are a C11 extension [-Wc11-extensions]
  union {
  ^
./tm4cstruct.h(1189): warning: anonymous unions are a C11 extension [-Wc11-extensions]
  union {
  ^
./tm4cstruct.h(1196): warning: anonymous unions are a C11 extension [-Wc11-extensions]
  union {
  ^
./tm4cstruct.h(1203): warning: anonymous unions are a C11 extension [-Wc11-extensions]
  union {
  ^
./tm4cstruct.h(1208): warning: anonymous unions are a C11 extension [-Wc11-extensions]
  union {
  ^
./tm4cstruct.h(1215): warning: anonymous unions are a C11 extension [-Wc11-extensions]
  union {
  ^
./tm4cstruct.h(1221): warning: anonymous unions are a C11 extension [-Wc11-extensions]
  union {
  ^
./tm4cstruct.h(1228): warning: anonymous unions are a C11 extension [-Wc11-extensions]
  union {
  ^
./tm4cstruct.h(1235): warning: anonymous unions are a C11 extension [-Wc11-extensions]
  union {
  ^
./tm4cstruct.h(1240): warning: anonymous unions are a C11 extension [-Wc11-extensions]
  union {
  ^
./tm4cstruct.h(1247): warning: anonymous unions are a C11 extension [-Wc11-extensions]
  union {
  ^
./tm4cstruct.h(1253): warning: anonymous unions are a C11 extension [-Wc11-extensions]
  union {
  ^
./tm4cstruct.h(1402): warning: anonymous unions are a C11 extension [-Wc11-extensions]
  union {
  ^
uart0.c(6): warning: // comments are not allowed in this language [-Wcomment]
        //Sha8al clock UART0
        ^
uart0.c(8): warning: & has lower precedence than ==; == will be evaluated first [-Wparentheses]
        while(SYSCTL->RCGCUART & 0x1 == 0);
                               ^~~~~~~~~~
uart0.c(8): note: place parentheses around the '==' expression to silence this warning
        while(SYSCTL->RCGCUART & 0x1 == 0);
                               ^
                                 (       )
uart0.c(8): note: place parentheses around the & expression to evaluate it first
        while(SYSCTL->RCGCUART & 0x1 == 0);
              ~~~~~~~~~~~~~~~~~^~~~~
uart0.c(14): warning: & has lower precedence than ==; == will be evaluated first [-Wparentheses]
        while(SYSCTL->RCGCGPIO & 0x1 == 0);
                               ^~~~~~~~~~
uart0.c(14): note: place parentheses around the '==' expression to silence this warning
        while(SYSCTL->RCGCGPIO & 0x1 == 0);
                               ^
                                 (       )
uart0.c(14): note: place parentheses around the & expression to evaluate it first
        while(SYSCTL->RCGCGPIO & 0x1 == 0);
              ~~~~~~~~~~~~~~~~~^~~~~
uart0.c(5): warning: no previous prototype for function 'uart0_init' [-Wmissing-prototypes]
void uart0_init(void){
     ^
./uart0.h(3): note: this declaration is not a prototype; add 'void' to make it a prototype for a zero-parameter function
void uart0_init();
     ^
                void
51 warnings generated.
compiling uart0.c...
assembling startup_TM4C123.s...
ultrasonic.c(1): warning: In file included from...
./ultrasonic.h(7): warning: a function declaration without a prototype is deprecated in all versions of C [-Wstrict-prototypes]
void get_distance();
                 ^
                  void
./ultrasonic.h(7): warning: no newline at end of file [-Wnewline-eof]
void get_distance();
                    ^
ultrasonic.c(2): warning: In file included from...
./uart0.h(3): warning: a function declaration without a prototype is deprecated in all versions of C [-Wstrict-prototypes]
void uart0_init();
               ^
                void
./uart0.h(6): warning: no newline at end of file [-Wnewline-eof]
void print_message_uart0(char *str);
                                    ^
ultrasonic.c(5): warning: In file included from...
./bluetooth.h(12): warning: no newline at end of file [-Wnewline-eof]
char bluetooth_read(void);
                          ^
ultrasonic.c(6): warning: In file included from...
./tm4cstruct.h(317): warning: // comments are not allowed in this language [-Wcomment]
//#include "system_TM4C123GH6PM.h"                    /*!< TM4C123GH6PM System                                                   */
^
./tm4cstruct.h(447): warning: anonymous unions are a C11 extension [-Wc11-extensions]
  union {
  ^
./tm4cstruct.h(487): warning: anonymous unions are a C11 extension [-Wc11-extensions]
  union {
  ^
./tm4cstruct.h(506): warning: anonymous unions are a C11 extension [-Wc11-extensions]
  union {
  ^
./tm4cstruct.h(862): warning: anonymous unions are a C11 extension [-Wc11-extensions]
  union {
  ^
./tm4cstruct.h(878): warning: anonymous unions are a C11 extension [-Wc11-extensions]
  union {
  ^
./tm4cstruct.h(923): warning: anonymous unions are a C11 extension [-Wc11-extensions]
  union {
  ^
./tm4cstruct.h(928): warning: anonymous unions are a C11 extension [-Wc11-extensions]
  union {
  ^
./tm4cstruct.h(1023): warning: anonymous unions are a C11 extension [-Wc11-extensions]
  union {
  ^
./tm4cstruct.h(1036): warning: anonymous unions are a C11 extension [-Wc11-extensions]
  union {
  ^
./tm4cstruct.h(1043): warning: anonymous unions are a C11 extension [-Wc11-extensions]
  union {
  ^
./tm4cstruct.h(1048): warning: anonymous unions are a C11 extension [-Wc11-extensions]
  union {
  ^
./tm4cstruct.h(1055): warning: anonymous unions are a C11 extension [-Wc11-extensions]
  union {
  ^
./tm4cstruct.h(1061): warning: anonymous unions are a C11 extension [-Wc11-extensions]
  union {
  ^
./tm4cstruct.h(1068): warning: anonymous unions are a C11 extension [-Wc11-extensions]
  union {
  ^
./tm4cstruct.h(1075): warning: anonymous unions are a C11 extension [-Wc11-extensions]
  union {
  ^
./tm4cstruct.h(1080): warning: anonymous unions are a C11 extension [-Wc11-extensions]
  union {
  ^
./tm4cstruct.h(1087): warning: anonymous unions are a C11 extension [-Wc11-extensions]
  union {
  ^
./tm4cstruct.h(1093): warning: anonymous unions are a C11 extension [-Wc11-extensions]
  union {
  ^
./tm4cstruct.h(1100): warning: anonymous unions are a C11 extension [-Wc11-extensions]
  union {
  ^
./tm4cstruct.h(1107): warning: anonymous unions are a C11 extension [-Wc11-extensions]
  union {
  ^
./tm4cstruct.h(1112): warning: anonymous unions are a C11 extension [-Wc11-extensions]
  union {
  ^
./tm4cstruct.h(1119): warning: anonymous unions are a C11 extension [-Wc11-extensions]
  union {
  ^
./tm4cstruct.h(1125): warning: anonymous unions are a C11 extension [-Wc11-extensions]
  union {
  ^
./tm4cstruct.h(1132): warning: anonymous unions are a C11 extension [-Wc11-extensions]
  union {
  ^
./tm4cstruct.h(1139): warning: anonymous unions are a C11 extension [-Wc11-extensions]
  union {
  ^
./tm4cstruct.h(1144): warning: anonymous unions are a C11 extension [-Wc11-extensions]
  union {
  ^
./tm4cstruct.h(1151): warning: anonymous unions are a C11 extension [-Wc11-extensions]
  union {
  ^
./tm4cstruct.h(1157): warning: anonymous unions are a C11 extension [-Wc11-extensions]
  union {
  ^
./tm4cstruct.h(1164): warning: anonymous unions are a C11 extension [-Wc11-extensions]
  union {
  ^
./tm4cstruct.h(1171): warning: anonymous unions are a C11 extension [-Wc11-extensions]
  union {
  ^
./tm4cstruct.h(1176): warning: anonymous unions are a C11 extension [-Wc11-extensions]
  union {
  ^
./tm4cstruct.h(1183): warning: anonymous unions are a C11 extension [-Wc11-extensions]
  union {
  ^
./tm4cstruct.h(1189): warning: anonymous unions are a C11 extension [-Wc11-extensions]
  union {
  ^
./tm4cstruct.h(1196): warning: anonymous unions are a C11 extension [-Wc11-extensions]
  union {
  ^
./tm4cstruct.h(1203): warning: anonymous unions are a C11 extension [-Wc11-extensions]
  union {
  ^
./tm4cstruct.h(1208): warning: anonymous unions are a C11 extension [-Wc11-extensions]
  union {
  ^
./tm4cstruct.h(1215): warning: anonymous unions are a C11 extension [-Wc11-extensions]
  union {
  ^
./tm4cstruct.h(1221): warning: anonymous unions are a C11 extension [-Wc11-extensions]
  union {
  ^
./tm4cstruct.h(1228): warning: anonymous unions are a C11 extension [-Wc11-extensions]
  union {
  ^
./tm4cstruct.h(1235): warning: anonymous unions are a C11 extension [-Wc11-extensions]
  union {
  ^
./tm4cstruct.h(1240): warning: anonymous unions are a C11 extension [-Wc11-extensions]
  union {
  ^
./tm4cstruct.h(1247): warning: anonymous unions are a C11 extension [-Wc11-extensions]
  union {
  ^
./tm4cstruct.h(1253): warning: anonymous unions are a C11 extension [-Wc11-extensions]
  union {
  ^
./tm4cstruct.h(1402): warning: anonymous unions are a C11 extension [-Wc11-extensions]
  union {
  ^
ultrasonic.c(10): warning: '_Bool' is a C99 extension [-Wc99-extensions]
bool DA5AL_ABL_KEDA;
^
C:\Keil_v5\ARM\ARMCLANG\Bin\..\include\stdbool.h(15): note: expanded from macro 'bool'
    #define bool _Bool
                 ^
ultrasonic.c(20): warning: implicit conversion changes signedness: 'int' to 'unsigned int' [-Wsign-conversion]
    GPIOB->DIR &= ~0x40;        /* make PB6 an input pin */
               ~~ ^~~~~
ultrasonic.c(23): warning: implicit conversion changes signedness: 'int' to 'unsigned int' [-Wsign-conversion]
    GPIOB->PCTL &= ~0x0F000000;  /* configure PB6 for T0CCP0 */
                ~~ ^~~~~~~~~~~
ultrasonic.c(31): warning: implicit conversion changes signedness: 'int' to 'unsigned int' [-Wsign-conversion]
    TIMER0->CTL &= ~1;          /* disable timer0A during setup */
                ~~ ^~
ultrasonic.c(53): warning: comparison of integers of different signs: 'int' and 'unsigned long' [-Wsign-compare]
    for(i = 0; i < time; i++)
               ~ ^ ~~~~
ultrasonic.c(72): warning: implicit conversion changes signedness: 'int' to 'unsigned int' [-Wsign-conversion]
          GPIOA->DATA &= ~(1<<4); /* make trigger  pin high */
                      ~~ ^~~~~~~
ultrasonic.c(76): warning: implicit conversion changes signedness: 'int' to 'unsigned int' [-Wsign-conversion]
          GPIOA->DATA &= ~(1<<4); /* make trigger  pin low */
                      ~~ ^~~~~~~
ultrasonic.c(69): warning: unused variable 'lastEdge' [-Wunused-variable]
    int lastEdge, thisEdge;
        ^
ultrasonic.c(69): warning: unused variable 'thisEdge' [-Wunused-variable]
    int lastEdge, thisEdge;
                  ^
ultrasonic.c(80): warning: a function declaration without a prototype is deprecated in all versions of C [-Wstrict-prototypes]
void TIMER0A_Handler(){
                    ^
                     void
ultrasonic.c(82): warning: implicit conversion changes signedness: 'volatile uint32_t' (aka 'volatile unsigned int') to 'int' [-Wsign-conversion]
                        LAST_EDGE = TIMER0->TAR;
                                  ~ ~~~~~~~~^~~
ultrasonic.c(86): warning: implicit conversion changes signedness: 'volatile uint32_t' (aka 'volatile unsigned int') to 'int' [-Wsign-conversion]
                        int thisEdge = TIMER0->TAR;
                            ~~~~~~~~   ~~~~~~~~^~~
ultrasonic.c(87): warning: implicit conversion changes signedness: 'int' to 'uint32_t' (aka 'unsigned int') [-Wsign-conversion]
                        uint32_t diff = thisEdge - LAST_EDGE;
                                 ~~~~   ~~~~~~~~~^~~~~~~~~~~
ultrasonic.c(88): warning: implicit conversion turns floating-point number into integer: 'double' to 'int' [-Wfloat-conversion]
                        int distance = (1062.5 * diff) / 1000000; 
                            ~~~~~~~~   ~~~~~~~~~~~~~~~~^~~~~~~~~
ultrasonic.c(90): warning: implicitly declaring library function 'sprintf' with type 'int (char *, const char *, ...)' [-Wimplicit-function-declaration]
                        sprintf(message, "\r\nDistance = %d cm", distance); 
                        ^
ultrasonic.c(90): note: include the header <stdio.h> or explicitly provide a declaration for 'sprintf'
ultrasonic.c(80): warning: no previous prototype for function 'TIMER0A_Handler' [-Wmissing-prototypes]
void TIMER0A_Handler(){
     ^
ultrasonic.c(80): note: declare 'static' if the function is not intended to be used outside of this translation unit
void TIMER0A_Handler(){
^
static 
ultrasonic.c(9): warning: no previous extern declaration for non-static variable 'LAST_EDGE' [-Wmissing-variable-declarations]
int LAST_EDGE;
    ^
ultrasonic.c(9): note: declare 'static' if the variable is not intended to be used outside of this translation unit
int LAST_EDGE;
^
ultrasonic.c(10): warning: no previous extern declaration for non-static variable 'DA5AL_ABL_KEDA' [-Wmissing-variable-declarations]
bool DA5AL_ABL_KEDA;
     ^
ultrasonic.c(10): note: declare 'static' if the variable is not intended to be used outside of this translation unit
bool DA5AL_ABL_KEDA;
^
C:\Keil_v5\ARM\ARMCLANG\Bin\..\include\stdbool.h(15): note: expanded from macro 'bool'
    #define bool _Bool
                 ^
68 warnings generated.
compiling ultrasonic.c...
adc0.c(1): warning: In file included from...
./adc0.h(1): warning: // comments are not allowed in this language [-Wcomment]
//Metwasal b PE3
^
./adc0.h(3): warning: a function declaration without a prototype is deprecated in all versions of C [-Wstrict-prototypes]
void adc0_init();
              ^
               void
./adc0.h(4): warning: a function declaration without a prototype is deprecated in all versions of C [-Wstrict-prototypes]
int get_val_adc0();
                ^
                 void
./adc0.h(4): warning: no newline at end of file [-Wnewline-eof]
int get_val_adc0();
                   ^
adc0.c(2): warning: In file included from...
./tm4cstruct.h(317): warning: // comments are not allowed in this language [-Wcomment]
//#include "system_TM4C123GH6PM.h"                    /*!< TM4C123GH6PM System                                                   */
^
./tm4cstruct.h(447): warning: anonymous unions are a C11 extension [-Wc11-extensions]
  union {
  ^
./tm4cstruct.h(487): warning: anonymous unions are a C11 extension [-Wc11-extensions]
  union {
  ^
./tm4cstruct.h(506): warning: anonymous unions are a C11 extension [-Wc11-extensions]
  union {
  ^
./tm4cstruct.h(862): warning: anonymous unions are a C11 extension [-Wc11-extensions]
  union {
  ^
./tm4cstruct.h(878): warning: anonymous unions are a C11 extension [-Wc11-extensions]
  union {
  ^
./tm4cstruct.h(923): warning: anonymous unions are a C11 extension [-Wc11-extensions]
  union {
  ^
./tm4cstruct.h(928): warning: anonymous unions are a C11 extension [-Wc11-extensions]
  union {
  ^
./tm4cstruct.h(1023): warning: anonymous unions are a C11 extension [-Wc11-extensions]
  union {
  ^
./tm4cstruct.h(1036): warning: anonymous unions are a C11 extension [-Wc11-extensions]
  union {
  ^
./tm4cstruct.h(1043): warning: anonymous unions are a C11 extension [-Wc11-extensions]
  union {
  ^
./tm4cstruct.h(1048): warning: anonymous unions are a C11 extension [-Wc11-extensions]
  union {
  ^
./tm4cstruct.h(1055): warning: anonymous unions are a C11 extension [-Wc11-extensions]
  union {
  ^
./tm4cstruct.h(1061): warning: anonymous unions are a C11 extension [-Wc11-extensions]
  union {
  ^
./tm4cstruct.h(1068): warning: anonymous unions are a C11 extension [-Wc11-extensions]
  union {
  ^
./tm4cstruct.h(1075): warning: anonymous unions are a C11 extension [-Wc11-extensions]
  union {
  ^
./tm4cstruct.h(1080): warning: anonymous unions are a C11 extension [-Wc11-extensions]
  union {
  ^
./tm4cstruct.h(1087): warning: anonymous unions are a C11 extension [-Wc11-extensions]
  union {
  ^
./tm4cstruct.h(1093): warning: anonymous unions are a C11 extension [-Wc11-extensions]
  union {
  ^
./tm4cstruct.h(1100): warning: anonymous unions are a C11 extension [-Wc11-extensions]
  union {
  ^
./tm4cstruct.h(1107): warning: anonymous unions are a C11 extension [-Wc11-extensions]
  union {
  ^
./tm4cstruct.h(1112): warning: anonymous unions are a C11 extension [-Wc11-extensions]
  union {
  ^
./tm4cstruct.h(1119): warning: anonymous unions are a C11 extension [-Wc11-extensions]
  union {
  ^
./tm4cstruct.h(1125): warning: anonymous unions are a C11 extension [-Wc11-extensions]
  union {
  ^
./tm4cstruct.h(1132): warning: anonymous unions are a C11 extension [-Wc11-extensions]
  union {
  ^
./tm4cstruct.h(1139): warning: anonymous unions are a C11 extension [-Wc11-extensions]
  union {
  ^
./tm4cstruct.h(1144): warning: anonymous unions are a C11 extension [-Wc11-extensions]
  union {
  ^
./tm4cstruct.h(1151): warning: anonymous unions are a C11 extension [-Wc11-extensions]
  union {
  ^
./tm4cstruct.h(1157): warning: anonymous unions are a C11 extension [-Wc11-extensions]
  union {
  ^
./tm4cstruct.h(1164): warning: anonymous unions are a C11 extension [-Wc11-extensions]
  union {
  ^
./tm4cstruct.h(1171): warning: anonymous unions are a C11 extension [-Wc11-extensions]
  union {
  ^
./tm4cstruct.h(1176): warning: anonymous unions are a C11 extension [-Wc11-extensions]
  union {
  ^
./tm4cstruct.h(1183): warning: anonymous unions are a C11 extension [-Wc11-extensions]
  union {
  ^
./tm4cstruct.h(1189): warning: anonymous unions are a C11 extension [-Wc11-extensions]
  union {
  ^
./tm4cstruct.h(1196): warning: anonymous unions are a C11 extension [-Wc11-extensions]
  union {
  ^
./tm4cstruct.h(1203): warning: anonymous unions are a C11 extension [-Wc11-extensions]
  union {
  ^
./tm4cstruct.h(1208): warning: anonymous unions are a C11 extension [-Wc11-extensions]
  union {
  ^
./tm4cstruct.h(1215): warning: anonymous unions are a C11 extension [-Wc11-extensions]
  union {
  ^
./tm4cstruct.h(1221): warning: anonymous unions are a C11 extension [-Wc11-extensions]
  union {
  ^
./tm4cstruct.h(1228): warning: anonymous unions are a C11 extension [-Wc11-extensions]
  union {
  ^
./tm4cstruct.h(1235): warning: anonymous unions are a C11 extension [-Wc11-extensions]
  union {
  ^
./tm4cstruct.h(1240): warning: anonymous unions are a C11 extension [-Wc11-extensions]
  union {
  ^
./tm4cstruct.h(1247): warning: anonymous unions are a C11 extension [-Wc11-extensions]
  union {
  ^
./tm4cstruct.h(1253): warning: anonymous unions are a C11 extension [-Wc11-extensions]
  union {
  ^
./tm4cstruct.h(1402): warning: anonymous unions are a C11 extension [-Wc11-extensions]
  union {
  ^
adc0.c(4): warning: a function declaration without a prototype is deprecated in all versions of C [-Wstrict-prototypes]
void adc0_init(){
              ^
               void
adc0.c(12): warning: implicit conversion changes signedness: 'int' to 'unsigned int' [-Wsign-conversion]
    GPIOE->DEN &= ~(1<<3);        /* disable digital function */
               ~~ ^~~~~~~
adc0.c(16): warning: implicit conversion changes signedness: 'int' to 'unsigned int' [-Wsign-conversion]
    ADC0->ACTSS &= ~(1<<3);        /* disable SS3 during configuration */
                ~~ ^~~~~~~
adc0.c(17): warning: implicit conversion changes signedness: 'int' to 'unsigned int' [-Wsign-conversion]
    ADC0->EMUX &= ~0xF000;    /* software trigger conversion */
               ~~ ^~~~~~~
adc0.c(4): warning: no previous prototype for function 'adc0_init' [-Wmissing-prototypes]
void adc0_init(){
     ^
./adc0.h(3): note: this declaration is not a prototype; add 'void' to make it a prototype for a zero-parameter function
void adc0_init();
     ^
               void
adc0.c(24): warning: a function declaration without a prototype is deprecated in all versions of C [-Wstrict-prototypes]
int get_val_adc0(){
                ^
                 void
adc0.c(30): warning: implicit conversion changes signedness: 'unsigned int' to 'int' [-Wsign-conversion]
                return adc_value;       
                ~~~~~~ ^~~~~~~~~
adc0.c(31): warning: no newline at end of file [-Wnewline-eof]
}
 ^
adc0.c(24): warning: no previous prototype for function 'get_val_adc0' [-Wmissing-prototypes]
int get_val_adc0(){
    ^
./adc0.h(4): note: this declaration is not a prototype; add 'void' to make it a prototype for a zero-parameter function
int get_val_adc0();
    ^
                 void
58 warnings generated.
compiling adc0.c...
main.c(1): warning: In file included from...
./tm4c123gh6pm.h(7): warning: // comments are not allowed in this language [-Wcomment]
#define INT_GPIOA               16          // GPIO Port A
                                            ^
main.c(2): warning: In file included from...
./tm4cstruct.h(317): warning: // comments are not allowed in this language [-Wcomment]
//#include "system_TM4C123GH6PM.h"                    /*!< TM4C123GH6PM System                                                   */
^
./tm4cstruct.h(447): warning: anonymous unions are a C11 extension [-Wc11-extensions]
  union {
  ^
./tm4cstruct.h(487): warning: anonymous unions are a C11 extension [-Wc11-extensions]
  union {
  ^
./tm4cstruct.h(506): warning: anonymous unions are a C11 extension [-Wc11-extensions]
  union {
  ^
./tm4cstruct.h(862): warning: anonymous unions are a C11 extension [-Wc11-extensions]
  union {
  ^
./tm4cstruct.h(878): warning: anonymous unions are a C11 extension [-Wc11-extensions]
  union {
  ^
./tm4cstruct.h(923): warning: anonymous unions are a C11 extension [-Wc11-extensions]
  union {
  ^
./tm4cstruct.h(928): warning: anonymous unions are a C11 extension [-Wc11-extensions]
  union {
  ^
./tm4cstruct.h(1023): warning: anonymous unions are a C11 extension [-Wc11-extensions]
  union {
  ^
./tm4cstruct.h(1036): warning: anonymous unions are a C11 extension [-Wc11-extensions]
  union {
  ^
./tm4cstruct.h(1043): warning: anonymous unions are a C11 extension [-Wc11-extensions]
  union {
  ^
./tm4cstruct.h(1048): warning: anonymous unions are a C11 extension [-Wc11-extensions]
  union {
  ^
./tm4cstruct.h(1055): warning: anonymous unions are a C11 extension [-Wc11-extensions]
  union {
  ^
./tm4cstruct.h(1061): warning: anonymous unions are a C11 extension [-Wc11-extensions]
  union {
  ^
./tm4cstruct.h(1068): warning: anonymous unions are a C11 extension [-Wc11-extensions]
  union {
  ^
./tm4cstruct.h(1075): warning: anonymous unions are a C11 extension [-Wc11-extensions]
  union {
  ^
./tm4cstruct.h(1080): warning: anonymous unions are a C11 extension [-Wc11-extensions]
  union {
  ^
./tm4cstruct.h(1087): warning: anonymous unions are a C11 extension [-Wc11-extensions]
  union {
  ^
./tm4cstruct.h(1093): warning: anonymous unions are a C11 extension [-Wc11-extensions]
  union {
  ^
./tm4cstruct.h(1100): warning: anonymous unions are a C11 extension [-Wc11-extensions]
  union {
  ^
./tm4cstruct.h(1107): warning: anonymous unions are a C11 extension [-Wc11-extensions]
  union {
  ^
./tm4cstruct.h(1112): warning: anonymous unions are a C11 extension [-Wc11-extensions]
  union {
  ^
./tm4cstruct.h(1119): warning: anonymous unions are a C11 extension [-Wc11-extensions]
  union {
  ^
./tm4cstruct.h(1125): warning: anonymous unions are a C11 extension [-Wc11-extensions]
  union {
  ^
./tm4cstruct.h(1132): warning: anonymous unions are a C11 extension [-Wc11-extensions]
  union {
  ^
./tm4cstruct.h(1139): warning: anonymous unions are a C11 extension [-Wc11-extensions]
  union {
  ^
./tm4cstruct.h(1144): warning: anonymous unions are a C11 extension [-Wc11-extensions]
  union {
  ^
./tm4cstruct.h(1151): warning: anonymous unions are a C11 extension [-Wc11-extensions]
  union {
  ^
./tm4cstruct.h(1157): warning: anonymous unions are a C11 extension [-Wc11-extensions]
  union {
  ^
./tm4cstruct.h(1164): warning: anonymous unions are a C11 extension [-Wc11-extensions]
  union {
  ^
./tm4cstruct.h(1171): warning: anonymous unions are a C11 extension [-Wc11-extensions]
  union {
  ^
./tm4cstruct.h(1176): warning: anonymous unions are a C11 extension [-Wc11-extensions]
  union {
  ^
./tm4cstruct.h(1183): warning: anonymous unions are a C11 extension [-Wc11-extensions]
  union {
  ^
./tm4cstruct.h(1189): warning: anonymous unions are a C11 extension [-Wc11-extensions]
  union {
  ^
./tm4cstruct.h(1196): warning: anonymous unions are a C11 extension [-Wc11-extensions]
  union {
  ^
./tm4cstruct.h(1203): warning: anonymous unions are a C11 extension [-Wc11-extensions]
  union {
  ^
./tm4cstruct.h(1208): warning: anonymous unions are a C11 extension [-Wc11-extensions]
  union {
  ^
./tm4cstruct.h(1215): warning: anonymous unions are a C11 extension [-Wc11-extensions]
  union {
  ^
./tm4cstruct.h(1221): warning: anonymous unions are a C11 extension [-Wc11-extensions]
  union {
  ^
./tm4cstruct.h(1228): warning: anonymous unions are a C11 extension [-Wc11-extensions]
  union {
  ^
./tm4cstruct.h(1235): warning: anonymous unions are a C11 extension [-Wc11-extensions]
  union {
  ^
./tm4cstruct.h(1240): warning: anonymous unions are a C11 extension [-Wc11-extensions]
  union {
  ^
./tm4cstruct.h(1247): warning: anonymous unions are a C11 extension [-Wc11-extensions]
  union {
  ^
./tm4cstruct.h(1253): warning: anonymous unions are a C11 extension [-Wc11-extensions]
  union {
  ^
./tm4cstruct.h(1402): warning: anonymous unions are a C11 extension [-Wc11-extensions]
  union {
  ^
main.c(4): warning: In file included from...
./uart0.h(3): warning: a function declaration without a prototype is deprecated in all versions of C [-Wstrict-prototypes]
void uart0_init();
               ^
                void
./uart0.h(6): warning: no newline at end of file [-Wnewline-eof]
void print_message_uart0(char *str);
                                    ^
main.c(5): warning: In file included from...
./adc0.h(1): warning: // comments are not allowed in this language [-Wcomment]
//Metwasal b PE3
^
./adc0.h(3): warning: a function declaration without a prototype is deprecated in all versions of C [-Wstrict-prototypes]
void adc0_init();
              ^
               void
./adc0.h(4): warning: a function declaration without a prototype is deprecated in all versions of C [-Wstrict-prototypes]
int get_val_adc0();
                ^
                 void
./adc0.h(4): warning: no newline at end of file [-Wnewline-eof]
int get_val_adc0();
                   ^
main.c(6): warning: In file included from...
./ultrasonic.h(7): warning: a function declaration without a prototype is deprecated in all versions of C [-Wstrict-prototypes]
void get_distance();
                 ^
                  void
./ultrasonic.h(7): warning: no newline at end of file [-Wnewline-eof]
void get_distance();
                    ^
main.c(7): warning: In file included from...
./bluetooth.h(12): warning: no newline at end of file [-Wnewline-eof]
char bluetooth_read(void);
                          ^
main.c(10): warning: // comments are not allowed in this language [-Wcomment]
        //Tesha8al el Smoke Sensor
        ^
56 warnings generated.
compiling main.c...
linking...
Program Size: Code=9684 RO-data=1208 RW-data=0 ZI-data=616  
".\Objects\Embedded Project.axf" - 0 Error(s), 329 Warning(s).

<h2>Software Packages used:</h2>

Package Vendor: ARM
                http://www.keil.com/pack/ARM.CMSIS.5.9.0.pack
                ARM.CMSIS.5.9.0
                CMSIS (Common Microcontroller Software Interface Standard)
   * Component: CORE Version: 5.6.0

Package Vendor: Keil
                http://www.keil.com/pack/Keil.TM4C_DFP.1.1.0.pack
                Keil.TM4C_DFP.1.1.0
                Texas Instruments Tiva C Series Device Support and Examples
   * Component: Startup Version: 1.0.1

<h2>Collection of Component include folders:</h2>
  ./RTE/_TM4C
  C:/Users/youss/AppData/Local/Arm/Packs/ARM/CMSIS/5.9.0/CMSIS/Core/Include
  C:/Users/youss/AppData/Local/Arm/Packs/Keil/TM4C_DFP/1.1.0/Device/Include/TM4C123

<h2>Collection of Component Files used:</h2>

   * Component: ARM::CMSIS:CORE:5.6.0

   * Component: Keil::Device:Startup:1.0.1
      Source file:   Device/Source/ARM/startup_TM4C123.s
      Include file:  Device/Include/TM4C123/TM4C123.h
      Source file:   Device/Source/system_TM4C123.c
Build Time Elapsed:  00:00:04
</pre>
</body>
</html>
