<html>
<body>
<pre>
<h1>µVision Build Log</h1>
<h2>Tool Versions:</h2>
IDE-Version: µVision V5.38.0.0
Copyright (C) 2022 ARM Ltd and ARM Germany GmbH. All rights reserved.
License Information: Yousef Youssef, Ain Shams University, LIC=----
 
Tool Versions:
Toolchain:       MDK-Lite  Version: 5.38.0.0
Toolchain Path:  C:\Keil_v5\ARM\ARMCLANG\Bin
C Compiler:      ArmClang.exe V6.19
Assembler:       Armasm.exe V6.19
Linker/Locator:  ArmLink.exe V6.19
Library Manager: ArmAr.exe V6.19
Hex Converter:   FromElf.exe V6.19
CPU DLL:         SARMCM3.DLL V5.38.0.0
Dialog DLL:      DCM.DLL V1.17.5.0
Target DLL:      lmidk-agdi.dll V???
Dialog DLL:      TCM.DLL V1.56.4.0
 
<h2>Project:</h2>
C:\Users\youss\Documents\Projects\New folder\Embedded Project\Embedded Project.uvprojx
Project File Date:  12/30/2023

<h2>Output:</h2>
*** Using Compiler 'V6.19', folder: 'C:\Keil_v5\ARM\ARMCLANG\Bin'
Build target 'TM4C'
laser.c(1): warning: In file included from...
./tm4cstruct.h(317): warning: // comments are not allowed in this language [-Wcomment]
//#include "system_TM4C123GH6PM.h"                    /*!< TM4C123GH6PM System                                                   */
^
./tm4cstruct.h(447): warning: anonymous unions are a C11 extension [-Wc11-extensions]
  union {
  ^
./tm4cstruct.h(487): warning: anonymous unions are a C11 extension [-Wc11-extensions]
  union {
  ^
./tm4cstruct.h(506): warning: anonymous unions are a C11 extension [-Wc11-extensions]
  union {
  ^
./tm4cstruct.h(862): warning: anonymous unions are a C11 extension [-Wc11-extensions]
  union {
  ^
./tm4cstruct.h(878): warning: anonymous unions are a C11 extension [-Wc11-extensions]
  union {
  ^
./tm4cstruct.h(923): warning: anonymous unions are a C11 extension [-Wc11-extensions]
  union {
  ^
./tm4cstruct.h(928): warning: anonymous unions are a C11 extension [-Wc11-extensions]
  union {
  ^
./tm4cstruct.h(1023): warning: anonymous unions are a C11 extension [-Wc11-extensions]
  union {
  ^
./tm4cstruct.h(1036): warning: anonymous unions are a C11 extension [-Wc11-extensions]
  union {
  ^
./tm4cstruct.h(1043): warning: anonymous unions are a C11 extension [-Wc11-extensions]
  union {
  ^
./tm4cstruct.h(1048): warning: anonymous unions are a C11 extension [-Wc11-extensions]
  union {
  ^
./tm4cstruct.h(1055): warning: anonymous unions are a C11 extension [-Wc11-extensions]
  union {
  ^
./tm4cstruct.h(1061): warning: anonymous unions are a C11 extension [-Wc11-extensions]
  union {
  ^
./tm4cstruct.h(1068): warning: anonymous unions are a C11 extension [-Wc11-extensions]
  union {
  ^
./tm4cstruct.h(1075): warning: anonymous unions are a C11 extension [-Wc11-extensions]
  union {
  ^
./tm4cstruct.h(1080): warning: anonymous unions are a C11 extension [-Wc11-extensions]
  union {
  ^
./tm4cstruct.h(1087): warning: anonymous unions are a C11 extension [-Wc11-extensions]
  union {
  ^
./tm4cstruct.h(1093): warning: anonymous unions are a C11 extension [-Wc11-extensions]
  union {
  ^
./tm4cstruct.h(1100): warning: anonymous unions are a C11 extension [-Wc11-extensions]
  union {
  ^
./tm4cstruct.h(1107): warning: anonymous unions are a C11 extension [-Wc11-extensions]
  union {
  ^
./tm4cstruct.h(1112): warning: anonymous unions are a C11 extension [-Wc11-extensions]
  union {
  ^
./tm4cstruct.h(1119): warning: anonymous unions are a C11 extension [-Wc11-extensions]
  union {
  ^
./tm4cstruct.h(1125): warning: anonymous unions are a C11 extension [-Wc11-extensions]
  union {
  ^
./tm4cstruct.h(1132): warning: anonymous unions are a C11 extension [-Wc11-extensions]
  union {
  ^
./tm4cstruct.h(1139): warning: anonymous unions are a C11 extension [-Wc11-extensions]
  union {
  ^
./tm4cstruct.h(1144): warning: anonymous unions are a C11 extension [-Wc11-extensions]
  union {
  ^
./tm4cstruct.h(1151): warning: anonymous unions are a C11 extension [-Wc11-extensions]
  union {
  ^
./tm4cstruct.h(1157): warning: anonymous unions are a C11 extension [-Wc11-extensions]
  union {
  ^
./tm4cstruct.h(1164): warning: anonymous unions are a C11 extension [-Wc11-extensions]
  union {
  ^
./tm4cstruct.h(1171): warning: anonymous unions are a C11 extension [-Wc11-extensions]
  union {
  ^
./tm4cstruct.h(1176): warning: anonymous unions are a C11 extension [-Wc11-extensions]
  union {
  ^
./tm4cstruct.h(1183): warning: anonymous unions are a C11 extension [-Wc11-extensions]
  union {
  ^
./tm4cstruct.h(1189): warning: anonymous unions are a C11 extension [-Wc11-extensions]
  union {
  ^
./tm4cstruct.h(1196): warning: anonymous unions are a C11 extension [-Wc11-extensions]
  union {
  ^
./tm4cstruct.h(1203): warning: anonymous unions are a C11 extension [-Wc11-extensions]
  union {
  ^
./tm4cstruct.h(1208): warning: anonymous unions are a C11 extension [-Wc11-extensions]
  union {
  ^
./tm4cstruct.h(1215): warning: anonymous unions are a C11 extension [-Wc11-extensions]
  union {
  ^
./tm4cstruct.h(1221): warning: anonymous unions are a C11 extension [-Wc11-extensions]
  union {
  ^
./tm4cstruct.h(1228): warning: anonymous unions are a C11 extension [-Wc11-extensions]
  union {
  ^
./tm4cstruct.h(1235): warning: anonymous unions are a C11 extension [-Wc11-extensions]
  union {
  ^
./tm4cstruct.h(1240): warning: anonymous unions are a C11 extension [-Wc11-extensions]
  union {
  ^
./tm4cstruct.h(1247): warning: anonymous unions are a C11 extension [-Wc11-extensions]
  union {
  ^
./tm4cstruct.h(1253): warning: anonymous unions are a C11 extension [-Wc11-extensions]
  union {
  ^
./tm4cstruct.h(1402): warning: anonymous unions are a C11 extension [-Wc11-extensions]
  union {
  ^
laser.c(2): warning: In file included from...
./laser.h(2): warning: a function declaration without a prototype is deprecated in all versions of C [-Wstrict-prototypes]
void laser_init();
               ^
                void
./laser.h(4): warning: a function declaration without a prototype is deprecated in all versions of C [-Wstrict-prototypes]
void laser_turn_on();
                  ^
                   void
./laser.h(4): warning: no newline at end of file [-Wnewline-eof]
void laser_turn_on();
                     ^
laser.c(4): warning: a function declaration without a prototype is deprecated in all versions of C [-Wstrict-prototypes]
void laser_init(){
               ^
                void
laser.c(6): warning: & has lower precedence than ==; == will be evaluated first [-Wparentheses]
        while(SYSCTL->RCGCGPIO & 1 == 0);
                               ^~~~~~~~
laser.c(6): note: place parentheses around the '==' expression to silence this warning
        while(SYSCTL->RCGCGPIO & 1 == 0);
                               ^
                                 (     )
laser.c(6): note: place parentheses around the & expression to evaluate it first
        while(SYSCTL->RCGCGPIO & 1 == 0);
              ~~~~~~~~~~~~~~~~~^~~
laser.c(4): warning: no previous prototype for function 'laser_init' [-Wmissing-prototypes]
void laser_init(){
     ^
./laser.h(2): note: this declaration is not a prototype; add 'void' to make it a prototype for a zero-parameter function
void laser_init();
     ^
                void
laser.c(11): warning: a function declaration without a prototype is deprecated in all versions of C [-Wstrict-prototypes]
void laser_turn_on(){
                  ^
                   void
laser.c(12): warning: // comments are not allowed in this language [-Wcomment]
        SysTick->LOAD = 15999999; // one second delay relaod value
                                  ^
laser.c(11): warning: no previous prototype for function 'laser_turn_on' [-Wmissing-prototypes]
void laser_turn_on(){
     ^
./laser.h(4): note: this declaration is not a prototype; add 'void' to make it a prototype for a zero-parameter function
void laser_turn_on();
     ^
                   void
laser.c(19): warning: implicit conversion changes signedness: 'int' to 'uint32_t' (aka 'unsigned int') [-Wsign-conversion]
        GPIOA->DATA = ~(1<<5);
                    ~ ^~~~~~~
laser.c(20): warning: no newline at end of file [-Wnewline-eof]
}
 ^
56 warnings generated.
compiling laser.c...
linking...
Program Size: Code=10208 RO-data=1228 RW-data=0 ZI-data=616  
".\Objects\Embedded Project.axf" - 0 Error(s), 56 Warning(s).

<h2>Software Packages used:</h2>

Package Vendor: ARM
                http://www.keil.com/pack/ARM.CMSIS.5.9.0.pack
                ARM.CMSIS.5.9.0
                CMSIS (Common Microcontroller Software Interface Standard)
   * Component: CORE Version: 5.6.0

Package Vendor: Keil
                http://www.keil.com/pack/Keil.TM4C_DFP.1.1.0.pack
                Keil.TM4C_DFP.1.1.0
                Texas Instruments Tiva C Series Device Support and Examples
   * Component: Startup Version: 1.0.1

<h2>Collection of Component include folders:</h2>
  ./RTE/_TM4C
  C:/Users/youss/AppData/Local/Arm/Packs/ARM/CMSIS/5.9.0/CMSIS/Core/Include
  C:/Users/youss/AppData/Local/Arm/Packs/Keil/TM4C_DFP/1.1.0/Device/Include/TM4C123

<h2>Collection of Component Files used:</h2>

   * Component: ARM::CMSIS:CORE:5.6.0

   * Component: Keil::Device:Startup:1.0.1
      Include file:  Device/Include/TM4C123/TM4C123.h
      Source file:   Device/Source/ARM/startup_TM4C123.s
      Source file:   Device/Source/system_TM4C123.c
Build Time Elapsed:  00:00:01
</pre>
</body>
</html>
