Component: Arm Compiler for Embedded 6.19 Tool: armlink [5e73cb00]

==============================================================================

Section Cross References

    main.o(.text.main) refers to main.o(.text.portf_init) for portf_init
    main.o(.text.main) refers to uart0.o(.text.uart0_init) for uart0_init
    main.o(.text.main) refers to adc0.o(.text.adc0_init) for adc0_init
    main.o(.text.main) refers to laser.o(.text.laser_init) for laser_init
    main.o(.text.main) refers to bluetooth.o(.text.bluetooth_init) for bluetooth_init
    main.o(.text.main) refers to main.o(.text.Timer0ACapture_init) for Timer0ACapture_init
    main.o(.text.main) refers to adc0.o(.text.get_val_adc0) for get_val_adc0
    main.o(.text.main) refers to main.o(.bss.smoke_val) for smoke_val
    main.o(.text.main) refers to main.o(.text.Measure_distance) for Measure_distance
    main.o(.text.main) refers to main.o(.bss.time) for time
    main.o(.text.main) refers to main.o(.bss.distance) for distance
    main.o(.text.main) refers to main.o(.bss.ultrasonic_mesg) for ultrasonic_mesg
    main.o(.text.main) refers to main.o(.rodata.str1.1) for .L.str
    main.o(.text.main) refers to sprintf.o(.text) for sprintf
    main.o(.text.main) refers to main.o(.bss.smoke_mesg) for smoke_mesg
    main.o(.text.main) refers to uart0.o(.text.print_message_uart0) for print_message_uart0
    main.o(.text.main) refers to laser.o(.text.laser_turn_on) for laser_turn_on
    main.o(.text.main) refers to bluetooth.o(.text.bluetooth_write_message) for bluetooth_write_message
    main.o(.text.main) refers to main.o(.bss.started) for started
    main.o(.text.main) refers to main.o(.text.Delay) for Delay
    main.o(.ARM.exidx.text.main) refers to main.o(.text.main) for [Anonymous Symbol]
    main.o(.ARM.exidx.text.Timer0ACapture_init) refers to main.o(.text.Timer0ACapture_init) for [Anonymous Symbol]
    main.o(.text.Measure_distance) refers to main.o(.text.Delay_MicroSecond) for Delay_MicroSecond
    main.o(.ARM.exidx.text.Measure_distance) refers to main.o(.text.Measure_distance) for [Anonymous Symbol]
    main.o(.ARM.exidx.text.Delay) refers to main.o(.text.Delay) for [Anonymous Symbol]
    main.o(.ARM.exidx.text.portf_init) refers to main.o(.text.portf_init) for [Anonymous Symbol]
    main.o(.ARM.exidx.text.Delay_MicroSecond) refers to main.o(.text.Delay_MicroSecond) for [Anonymous Symbol]
    uart0.o(.ARM.exidx.text.uart0_init) refers to uart0.o(.text.uart0_init) for [Anonymous Symbol]
    uart0.o(.ARM.exidx.text.send_message_uart0) refers to uart0.o(.text.send_message_uart0) for [Anonymous Symbol]
    uart0.o(.text.print_message_uart0) refers to uart0.o(.text.send_message_uart0) for send_message_uart0
    uart0.o(.ARM.exidx.text.print_message_uart0) refers to uart0.o(.text.print_message_uart0) for [Anonymous Symbol]
    adc0.o(.ARM.exidx.text.adc0_init) refers to adc0.o(.text.adc0_init) for [Anonymous Symbol]
    adc0.o(.ARM.exidx.text.get_val_adc0) refers to adc0.o(.text.get_val_adc0) for [Anonymous Symbol]
    bluetooth.o(.ARM.exidx.text.bluetooth_init) refers to bluetooth.o(.text.bluetooth_init) for [Anonymous Symbol]
    bluetooth.o(.ARM.exidx.text.bluetooth_write) refers to bluetooth.o(.text.bluetooth_write) for [Anonymous Symbol]
    bluetooth.o(.text.bluetooth_write_message) refers to bluetooth.o(.text.bluetooth_write) for bluetooth_write
    bluetooth.o(.ARM.exidx.text.bluetooth_write_message) refers to bluetooth.o(.text.bluetooth_write_message) for [Anonymous Symbol]
    bluetooth.o(.ARM.exidx.text.bluetooth_read) refers to bluetooth.o(.text.bluetooth_read) for [Anonymous Symbol]
    laser.o(.ARM.exidx.text.laser_init) refers to laser.o(.text.laser_init) for [Anonymous Symbol]
    laser.o(.ARM.exidx.text.laser_turn_on) refers to laser.o(.text.laser_turn_on) for [Anonymous Symbol]
    magnetic_switch.o(.ARM.exidx.text.magnetic_switch_init) refers to magnetic_switch.o(.text.magnetic_switch_init) for [Anonymous Symbol]
    magnetic_switch.o(.text.GPIOD_Handler) refers to magnetic_switch.o(.bss.MAGNETIC_STATE) for MAGNETIC_STATE
    magnetic_switch.o(.ARM.exidx.text.GPIOD_Handler) refers to magnetic_switch.o(.text.GPIOD_Handler) for [Anonymous Symbol]
    startup_tm4c123.o(STACK) refers (Special) to heapauxi.o(.text) for __use_two_region_memory
    startup_tm4c123.o(HEAP) refers (Special) to heapauxi.o(.text) for __use_two_region_memory
    startup_tm4c123.o(RESET) refers (Special) to heapauxi.o(.text) for __use_two_region_memory
    startup_tm4c123.o(RESET) refers to startup_tm4c123.o(STACK) for __initial_sp
    startup_tm4c123.o(RESET) refers to startup_tm4c123.o(.text) for Reset_Handler
    startup_tm4c123.o(RESET) refers to magnetic_switch.o(.text.GPIOD_Handler) for GPIOD_Handler
    startup_tm4c123.o(.text) refers (Special) to heapauxi.o(.text) for __use_two_region_memory
    startup_tm4c123.o(.text) refers to system_tm4c123.o(.text.SystemInit) for SystemInit
[...]
    ../clib/libinit.s                        0x00000000   Number         0  libshutdown2.o ABSOLUTE
    ../clib/locale.c                         0x00000000   Number         0  _c16rtomb.o ABSOLUTE
    ../clib/locale.s                         0x00000000   Number         0  lc_numeric_c.o ABSOLUTE
    ../clib/locale.s                         0x00000000   Number         0  lc_ctype_c.o ABSOLUTE
    ../clib/longlong.s                       0x00000000   Number         0  lludiv10.o ABSOLUTE
    ../clib/longlong.s                       0x00000000   Number         0  llushr.o ABSOLUTE
    ../clib/memcpset.s                       0x00000000   Number         0  strcmpv7em.o ABSOLUTE
    ../clib/misc.s                           0x00000000   Number         0  printf_stubs.o ABSOLUTE
    ../clib/printf.c                         0x00000000   Number         0  sprintf.o ABSOLUTE
    ../clib/printf.c                         0x00000000   Number         0  __printf.o ABSOLUTE
    ../clib/printf.c                         0x00000000   Number         0  _printf_pad.o ABSOLUTE
    ../clib/printf.c                         0x00000000   Number         0  _printf_truncate.o ABSOLUTE
    ../clib/printf.c                         0x00000000   Number         0  _printf_str.o ABSOLUTE
    ../clib/printf.c                         0x00000000   Number         0  _printf_dec.o ABSOLUTE
    ../clib/printf.c                         0x00000000   Number         0  _printf_charcount.o ABSOLUTE
    ../clib/printf.c                         0x00000000   Number         0  _printf_char_common.o ABSOLUTE
    ../clib/printf.c                         0x00000000   Number         0  _sputc.o ABSOLUTE
    ../clib/printf.c                         0x00000000   Number         0  _printf_wctomb.o ABSOLUTE
    ../clib/printf.c                         0x00000000   Number         0  _printf_longlong_dec.o ABSOLUTE
    ../clib/printf.c                         0x00000000   Number         0  _printf_oct_ll.o ABSOLUTE
    ../clib/printf.c                         0x00000000   Number         0  _printf_oct_int.o ABSOLUTE
    ../clib/printf.c                         0x00000000   Number         0  _printf_oct_int_ll.o ABSOLUTE
    ../clib/printf.c                         0x00000000   Number         0  _printf_hex_ll.o ABSOLUTE
    ../clib/printf.c                         0x00000000   Number         0  _printf_hex_int.o ABSOLUTE
    ../clib/printf.c                         0x00000000   Number         0  _printf_hex_int_ll.o ABSOLUTE
    ../clib/printf.c                         0x00000000   Number         0  _printf_hex_ptr.o ABSOLUTE
    ../clib/printf.c                         0x00000000   Number         0  _printf_hex_int_ptr.o ABSOLUTE
    ../clib/printf.c                         0x00000000   Number         0  _printf_hex_ll_ptr.o ABSOLUTE
    ../clib/printf.c                         0x00000000   Number         0  _printf_hex_int_ll_ptr.o ABSOLUTE
    ../clib/printf.c                         0x00000000   Number         0  __printf_flags.o ABSOLUTE
    ../clib/printf.c                         0x00000000   Number         0  __printf_ss.o ABSOLUTE
    ../clib/printf.c                         0x00000000   Number         0  __printf_flags_ss.o ABSOLUTE
    ../clib/printf.c                         0x00000000   Number         0  __printf_wp.o ABSOLUTE
    ../clib/printf.c                         0x00000000   Number         0  __printf_flags_wp.o ABSOLUTE
    ../clib/printf.c                         0x00000000   Number         0  __printf_ss_wp.o ABSOLUTE
    ../clib/printf.c                         0x00000000   Number         0  __printf_flags_ss_wp.o ABSOLUTE
    ../clib/printf.c                         0x00000000   Number         0  _printf_intcommon.o ABSOLUTE
    ../clib/printf.c                         0x00000000   Number         0  _printf_fp_dec.o ABSOLUTE
    ../clib/printf.c                         0x00000000   Number         0  _printf_fp_dec_accurate.o ABSOLUTE
    ../clib/printf.c                         0x00000000   Number         0  _printf_fp_hex.o ABSOLUTE
    ../clib/printf.c                         0x00000000   Number         0  __printf_nopercent.o ABSOLUTE
    ../clib/printf.c                         0x00000000   Number         0  _printf_char.o ABSOLUTE
    ../clib/printf.c                         0x00000000   Number         0  _printf_wchar.o ABSOLUTE
    ../clib/printf.c                         0x00000000   Number         0  _printf_fp_infnan.o ABSOLUTE
    ../clib/printf_percent.s                 0x00000000   Number         0  _printf_c.o ABSOLUTE
    ../clib/printf_percent.s                 0x00000000   Number         0  _printf_s.o ABSOLUTE
    ../clib/printf_percent.s                 0x00000000   Number         0  _printf_n.o ABSOLUTE
    ../clib/printf_percent.s                 0x00000000   Number         0  _printf_x.o ABSOLUTE
    ../clib/printf_percent.s                 0x00000000   Number         0  _printf_p.o ABSOLUTE
    ../clib/printf_percent.s                 0x00000000   Number         0  _printf_o.o ABSOLUTE
    ../clib/printf_percent.s                 0x00000000   Number         0  _printf_i.o ABSOLUTE
    ../clib/printf_percent.s                 0x00000000   Number         0  _printf_d.o ABSOLUTE
    ../clib/printf_percent.s                 0x00000000   Number         0  _printf_u.o ABSOLUTE
    ../clib/printf_percent.s                 0x00000000   Number         0  _printf_f.o ABSOLUTE
    ../clib/printf_percent.s                 0x00000000   Number         0  _printf_e.o ABSOLUTE
    ../clib/printf_percent.s                 0x00000000   Number         0  _printf_g.o ABSOLUTE
    ../clib/printf_percent.s                 0x00000000   Number         0  _printf_a.o ABSOLUTE
    ../clib/printf_percent.s                 0x00000000   Number         0  _printf_percent.o ABSOLUTE
    ../clib/printf_percent.s                 0x00000000   Number         0  _printf_lli.o ABSOLUTE
    ../clib/printf_percent.s                 0x00000000   Number         0  _printf_lld.o ABSOLUTE
    ../clib/printf_percent.s                 0x00000000   Number         0  _printf_llu.o ABSOLUTE
    ../clib/printf_percent.s                 0x00000000   Number         0  _printf_ll.o ABSOLUTE
    ../clib/printf_percent.s                 0x00000000   Number         0  _printf_l.o ABSOLUTE
    ../clib/printf_percent.s                 0x00000000   Number         0  _printf_lc.o ABSOLUTE
    ../clib/printf_percent.s                 0x00000000   Number         0  _printf_ls.o ABSOLUTE
    ../clib/printf_percent.s                 0x00000000   Number         0  _printf_llo.o ABSOLUTE
    ../clib/printf_percent.s                 0x00000000   Number         0  _printf_llx.o ABSOLUTE
    ../clib/printf_percent.s                 0x00000000   Number         0  _printf_percent_end.o ABSOLUTE
    ../clib/signal.c                         0x00000000   Number         0  defsig_rtmem_outer.o ABSOLUTE
    ../clib/signal.c                         0x00000000   Number         0  defsig_rtmem_formal.o ABSOLUTE
    ../clib/signal.c                         0x00000000   Number         0  defsig_exit.o ABSOLUTE
    ../clib/signal.c                         0x00000000   Number         0  defsig_rtmem_inner.o ABSOLUTE
    ../clib/signal.c                         0x00000000   Number         0  __raise.o ABSOLUTE
    ../clib/signal.c                         0x00000000   Number         0  defsig_general.o ABSOLUTE
    ../clib/signal.c                         0x00000000   Number         0  defsig_abrt_inner.o ABSOLUTE
    ../clib/signal.c                         0x00000000   Number         0  defsig_fpe_inner.o ABSOLUTE
    ../clib/signal.c                         0x00000000   Number         0  defsig_rtred_inner.o ABSOLUTE
    ../clib/signal.c                         0x00000000   Number         0  defsig_stak_inner.o ABSOLUTE
    ../clib/signal.c                         0x00000000   Number         0  defsig_pvfn_inner.o ABSOLUTE
    ../clib/signal.c                         0x00000000   Number         0  defsig_cppl_inner.o ABSOLUTE
    ../clib/signal.c                         0x00000000   Number         0  defsig_segv_inner.o ABSOLUTE
    ../clib/signal.c                         0x00000000   Number         0  defsig_other.o ABSOLUTE
    ../clib/signal.s                         0x00000000   Number         0  defsig.o ABSOLUTE
    ../clib/stdlib.c                         0x00000000   Number         0  exit.o ABSOLUTE
    ../fplib/fpinit.s                        0x00000000   Number         0  fpinit.o ABSOLUTE
    ../fplib/istatus.s                       0x00000000   Number         0  istatus.o ABSOLUTE
    ../fplib/printf1.s                       0x00000000   Number         0  printf1.o ABSOLUTE
    ../fplib/printf2.s                       0x00000000   Number         0  printf2.o ABSOLUTE
    ../fplib/printf2a.s                      0x00000000   Number         0  printf2a.o ABSOLUTE
    ../fplib/printf2b.s                      0x00000000   Number         0  printf2b.o ABSOLUTE
    ../fplib/usenofp.s                       0x00000000   Number         0  usenofp.o ABSOLUTE
    ../mathlib/fpclassify.c                  0x00000000   Number         0  fpclassify.o ABSOLUTE
    RTE/Device/TM4C123GH6PM/startup_TM4C123.s 0x00000000   Number         0  startup_tm4c123.o ABSOLUTE
    adc0.c                                   0x00000000   Number         0  adc0.o ABSOLUTE
    bluetooth.c                              0x00000000   Number         0  bluetooth.o ABSOLUTE
    dc.s                                     0x00000000   Number         0  dc.o ABSOLUTE
    laser.c                                  0x00000000   Number         0  laser.o ABSOLUTE
    magnetic_switch.c                        0x00000000   Number         0  magnetic_switch.o ABSOLUTE
    main.c                                   0x00000000   Number         0  main.o ABSOLUTE
    system_TM4C123.c                         0x00000000   Number         0  system_tm4c123.o ABSOLUTE
    uart0.c                                  0x00000000   Number         0  uart0.o ABSOLUTE
    ultrasonic.c                             0x00000000   Number         0  ultrasonic.o ABSOLUTE
    RESET                                    0x00000000   Section      620  startup_tm4c123.o(RESET)
    !!!main                                  0x0000026c   Section        8  __main.o(!!!main)
    !!!scatter                               0x00000274   Section       52  __scatter.o(!!!scatter)
    !!handler_zi                             0x000002a8   Section       28  __scatter_zi.o(!!handler_zi)
    .ARM.Collect$$_printf_percent$$00000000  0x000002c4   Section        0  _printf_percent.o(.ARM.Collect$$_printf_percent$$00000000)
    .ARM.Collect$$_printf_percent$$00000001  0x000002c4   Section        6  _printf_n.o(.ARM.Collect$$_printf_percent$$00000001)
    .ARM.Collect$$_printf_percent$$00000002  0x000002ca   Section        6  _printf_p.o(.ARM.Collect$$_printf_percent$$00000002)
    .ARM.Collect$$_printf_percent$$00000003  0x000002d0   Section        6  _printf_f.o(.ARM.Collect$$_printf_percent$$00000003)
    .ARM.Collect$$_printf_percent$$00000004  0x000002d6   Section        6  _printf_e.o(.ARM.Collect$$_printf_percent$$00000004)
    .ARM.Collect$$_printf_percent$$00000005  0x000002dc   Section        6  _printf_g.o(.ARM.Collect$$_printf_percent$$00000005)
    .ARM.Collect$$_printf_percent$$00000006  0x000002e2   Section        6  _printf_a.o(.ARM.Collect$$_printf_percent$$00000006)
    .ARM.Collect$$_printf_percent$$00000007  0x000002e8   Section       10  _printf_ll.o(.ARM.Collect$$_printf_percent$$00000007)
    .ARM.Collect$$_printf_percent$$00000008  0x000002f2   Section        6  _printf_i.o(.ARM.Collect$$_printf_percent$$00000008)
    .ARM.Collect$$_printf_percent$$00000009  0x000002f8   Section        6  _printf_d.o(.ARM.Collect$$_printf_percent$$00000009)
    .ARM.Collect$$_printf_percent$$0000000A  0x000002fe   Section        6  _printf_u.o(.ARM.Collect$$_printf_percent$$0000000A)
    .ARM.Collect$$_printf_percent$$0000000B  0x00000304   Section        6  _printf_o.o(.ARM.Collect$$_printf_percent$$0000000B)
    .ARM.Collect$$_printf_percent$$0000000C  0x0000030a   Section        6  _printf_x.o(.ARM.Collect$$_printf_percent$$0000000C)
    .ARM.Collect$$_printf_percent$$0000000D  0x00000310   Section        6  _printf_lli.o(.ARM.Collect$$_printf_percent$$0000000D)
    .ARM.Collect$$_printf_percent$$0000000E  0x00000316   Section        6  _printf_lld.o(.ARM.Collect$$_printf_percent$$0000000E)
    .ARM.Collect$$_printf_percent$$0000000F  0x0000031c   Section        6  _printf_llu.o(.ARM.Collect$$_printf_percent$$0000000F)
    .ARM.Collect$$_printf_percent$$00000010  0x00000322   Section        6  _printf_llo.o(.ARM.Collect$$_printf_percent$$00000010)
    .ARM.Collect$$_printf_percent$$00000011  0x00000328   Section        6  _printf_llx.o(.ARM.Collect$$_printf_percent$$00000011)
    .ARM.Collect$$_printf_percent$$00000012  0x0000032e   Section       10  _printf_l.o(.ARM.Collect$$_printf_percent$$00000012)
    .ARM.Collect$$_printf_percent$$00000013  0x00000338   Section        6  _printf_c.o(.ARM.Collect$$_printf_percent$$00000013)
    .ARM.Collect$$_printf_percent$$00000014  0x0000033e   Section        6  _printf_s.o(.ARM.Collect$$_printf_percent$$00000014)
    .ARM.Collect$$_printf_percent$$00000015  0x00000344   Section        6  _printf_lc.o(.ARM.Collect$$_printf_percent$$00000015)
    .ARM.Collect$$_printf_percent$$00000016  0x0000034a   Section        6  _printf_ls.o(.ARM.Collect$$_printf_percent$$00000016)
    .ARM.Collect$$_printf_percent$$00000017  0x00000350   Section        4  _printf_percent_end.o(.ARM.Collect$$_printf_percent$$00000017)
    .ARM.Collect$$libinit$$00000000          0x00000354   Section        2  libinit.o(.ARM.Collect$$libinit$$00000000)
    .ARM.Collect$$libinit$$00000001          0x00000356   Section        4  libinit2.o(.ARM.Collect$$libinit$$00000001)
    .ARM.Collect$$libinit$$00000004          0x0000035a   Section        0  libinit2.o(.ARM.Collect$$libinit$$00000004)
    .ARM.Collect$$libinit$$00000006          0x0000035a   Section        0  libinit2.o(.ARM.Collect$$libinit$$00000006)
    .ARM.Collect$$libinit$$0000000C          0x0000035a   Section        0  libinit2.o(.ARM.Collect$$libinit$$0000000C)
    .ARM.Collect$$libinit$$0000000E          0x0000035a   Section        0  libinit2.o(.ARM.Collect$$libinit$$0000000E)
    .ARM.Collect$$libinit$$00000010          0x0000035a   Section        0  libinit2.o(.ARM.Collect$$libinit$$00000010)
    .ARM.Collect$$libinit$$00000011          0x0000035a   Section        6  libinit2.o(.ARM.Collect$$libinit$$00000011)
    .ARM.Collect$$libinit$$00000013          0x00000360   Section        0  libinit2.o(.ARM.Collect$$libinit$$00000013)
    .ARM.Collect$$libinit$$00000014          0x00000360   Section       12  libinit2.o(.ARM.Collect$$libinit$$00000014)
    .ARM.Collect$$libinit$$00000015          0x0000036c   Section        0  libinit2.o(.ARM.Collect$$libinit$$00000015)
    .ARM.Collect$$libinit$$00000017          0x0000036c   Section        0  libinit2.o(.ARM.Collect$$libinit$$00000017)
    .ARM.Collect$$libinit$$00000018          0x0000036c   Section       10  libinit2.o(.ARM.Collect$$libinit$$00000018)
    .ARM.Collect$$libinit$$00000019          0x00000376   Section        0  libinit2.o(.ARM.Collect$$libinit$$00000019)
    .ARM.Collect$$libinit$$0000001B          0x00000376   Section        0  libinit2.o(.ARM.Collect$$libinit$$0000001B)
    .ARM.Collect$$libinit$$0000001D          0x00000376   Section        0  libinit2.o(.ARM.Collect$$libinit$$0000001D)
    .ARM.Collect$$libinit$$0000001F          0x00000376   Section        0  libinit2.o(.ARM.Collect$$libinit$$0000001F)
    .ARM.Collect$$libinit$$00000021          0x00000376   Section        0  libinit2.o(.ARM.Collect$$libinit$$00000021)
    .ARM.Collect$$libinit$$00000023          0x00000376   Section        0  libinit2.o(.ARM.Collect$$libinit$$00000023)
    .ARM.Collect$$libinit$$00000025          0x00000376   Section        0  libinit2.o(.ARM.Collect$$libinit$$00000025)
    .ARM.Collect$$libinit$$00000027          0x00000376   Section        0  libinit2.o(.ARM.Collect$$libinit$$00000027)
    .ARM.Collect$$libinit$$0000002E          0x00000376   Section        0  libinit2.o(.ARM.Collect$$libinit$$0000002E)
    .ARM.Collect$$libinit$$00000030          0x00000376   Section        0  libinit2.o(.ARM.Collect$$libinit$$00000030)
    .ARM.Collect$$libinit$$00000032          0x00000376   Section        0  libinit2.o(.ARM.Collect$$libinit$$00000032)
    .ARM.Collect$$libinit$$00000034          0x00000376   Section        0  libinit2.o(.ARM.Collect$$libinit$$00000034)
    .ARM.Collect$$libinit$$00000035          0x00000376   Section        2  libinit2.o(.ARM.Collect$$libinit$$00000035)
    .ARM.Collect$$libshutdown$$00000000      0x00000378   Section        2  libshutdown.o(.ARM.Collect$$libshutdown$$00000000)
    .ARM.Collect$$libshutdown$$00000002      0x0000037a   Section        0  libshutdown2.o(.ARM.Collect$$libshutdown$$00000002)
    .ARM.Collect$$libshutdown$$00000004      0x0000037a   Section        0  libshutdown2.o(.ARM.Collect$$libshutdown$$00000004)
    .ARM.Collect$$libshutdown$$00000007      0x0000037a   Section        0  libshutdown2.o(.ARM.Collect$$libshutdown$$00000007)
    .ARM.Collect$$libshutdown$$0000000A      0x0000037a   Section        0  libshutdown2.o(.ARM.Collect$$libshutdown$$0000000A)
    .ARM.Collect$$libshutdown$$0000000C      0x0000037a   Section        0  libshutdown2.o(.ARM.Collect$$libshutdown$$0000000C)
    .ARM.Collect$$libshutdown$$0000000F      0x0000037a   Section        0  libshutdown2.o(.ARM.Collect$$libshutdown$$0000000F)
    .ARM.Collect$$libshutdown$$00000010      0x0000037a   Section        2  libshutdown2.o(.ARM.Collect$$libshutdown$$00000010)
    .ARM.Collect$$rtentry$$00000000          0x0000037c   Section        0  __rtentry.o(.ARM.Collect$$rtentry$$00000000)
    .ARM.Collect$$rtentry$$00000002          0x0000037c   Section        0  __rtentry2.o(.ARM.Collect$$rtentry$$00000002)
    .ARM.Collect$$rtentry$$00000004          0x0000037c   Section        6  __rtentry4.o(.ARM.Collect$$rtentry$$00000004)
    .ARM.Collect$$rtentry$$00000009          0x00000382   Section        0  __rtentry2.o(.ARM.Collect$$rtentry$$00000009)
    .ARM.Collect$$rtentry$$0000000A          0x00000382   Section        4  __rtentry2.o(.ARM.Collect$$rtentry$$0000000A)
    .ARM.Collect$$rtentry$$0000000C          0x00000386   Section        0  __rtentry2.o(.ARM.Collect$$rtentry$$0000000C)
    .ARM.Collect$$rtentry$$0000000D          0x00000386   Section        8  __rtentry2.o(.ARM.Collect$$rtentry$$0000000D)
    .ARM.Collect$$rtexit$$00000000           0x0000038e   Section        2  rtexit.o(.ARM.Collect$$rtexit$$00000000)
    .ARM.Collect$$rtexit$$00000002           0x00000390   Section        0  rtexit2.o(.ARM.Collect$$rtexit$$00000002)
    .ARM.Collect$$rtexit$$00000003           0x00000390   Section        4  rtexit2.o(.ARM.Collect$$rtexit$$00000003)
    .ARM.Collect$$rtexit$$00000004           0x00000394   Section        6  rtexit2.o(.ARM.Collect$$rtexit$$00000004)
    $v0                                      0x0000039c   Number         0  startup_tm4c123.o(.text)
    .text                                    0x0000039c   Section      276  startup_tm4c123.o(.text)
    .text                                    0x000004b0   Section        0  sprintf.o(.text)
    .text                                    0x000004dc   Section        0  heapauxi.o(.text)
    .text                                    0x000004e2   Section        0  _printf_pad.o(.text)
    .text                                    0x00000530   Section        0  _printf_truncate.o(.text)
    .text                                    0x00000554   Section        0  _printf_str.o(.text)
    .text                                    0x000005a8   Section        0  _printf_dec.o(.text)
    .text                                    0x00000620   Section        0  _printf_charcount.o(.text)
    _printf_input_char                       0x00000649   Thumb Code    10  _printf_char_common.o(.text)
    .text                                    0x00000648   Section        0  _printf_char_common.o(.text)
    .text                                    0x00000678   Section        0  _sputc.o(.text)
    .text                                    0x00000684   Section        0  _printf_wctomb.o(.text)
    .text                                    0x00000740   Section        0  _printf_longlong_dec.o(.text)
    _printf_longlong_oct_internal            0x000007bd   Thumb Code     0  _printf_oct_int_ll.o(.text)
    .text                                    0x000007bc   Section        0  _printf_oct_int_ll.o(.text)
    _printf_hex_common                       0x0000082d   Thumb Code     0  _printf_hex_int_ll_ptr.o(.text)
    .text                                    0x0000082c   Section        0  _printf_hex_int_ll_ptr.o(.text)
    .text                                    0x000008c0   Section        0  __printf_flags_ss_wp.o(.text)
    .text                                    0x00000a48   Section      138  lludiv10.o(.text)
    .text                                    0x00000ad2   Section        0  _printf_intcommon.o(.text)
    _fp_digits                               0x00000b85   Thumb Code   432  _printf_fp_dec.o(.text)
    .text                                    0x00000b84   Section        0  _printf_fp_dec.o(.text)
    .text                                    0x00000fa0   Section        0  _printf_fp_hex.o(.text)
    .text                                    0x0000129c   Section        0  _printf_char.o(.text)
    .text                                    0x000012c8   Section        0  _printf_wchar.o(.text)
    .text                                    0x000012f4   Section        0  _c16rtomb.o(.text)
    .text                                    0x0000133c   Section       74  sys_stackheap_outer.o(.text)
    .text                                    0x00001388   Section       16  rt_ctype_table.o(.text)
    .text                                    0x00001398   Section        8  rt_locale_intlibspace.o(.text)
    .text                                    0x000013a0   Section        0  _printf_fp_infnan.o(.text)
    .text                                    0x00001420   Section        0  bigflt0.o(.text)
    .text                                    0x00001504   Section        0  exit.o(.text)
    .text                                    0x00001518   Section        8  libspace.o(.text)
    .text                                    0x00001520   Section      124  strcmpv7em.o(.text)
    .text                                    0x0000159c   Section        0  sys_exit.o(.text)
    .text                                    0x000015a8   Section        2  use_no_semi.o(.text)
    .text                                    0x000015aa   Section        0  indicate_semi.o(.text)
    [Anonymous Symbol]                       0x000015ac   Section        0  main.o(.text.Delay)
    [Anonymous Symbol]                       0x000015d8   Section        0  main.o(.text.Delay_MicroSecond)
    [Anonymous Symbol]                       0x0000166c   Section        0  magnetic_switch.o(.text.GPIOD_Handler)
    [Anonymous Symbol]                       0x00001684   Section        0  main.o(.text.Measure_distance)
    [Anonymous Symbol]                       0x0000172c   Section        0  system_tm4c123.o(.text.SystemInit)
    [Anonymous Symbol]                       0x00001740   Section        0  main.o(.text.Timer0ACapture_init)
    [Anonymous Symbol]                       0x00001804   Section        0  adc0.o(.text.adc0_init)
    [Anonymous Symbol]                       0x0000189c   Section        0  bluetooth.o(.text.bluetooth_init)
    [Anonymous Symbol]                       0x00001954   Section        0  bluetooth.o(.text.bluetooth_write)
    [Anonymous Symbol]                       0x00001984   Section        0  bluetooth.o(.text.bluetooth_write_message)
    [Anonymous Symbol]                       0x000019a8   Section        0  adc0.o(.text.get_val_adc0)
    [Anonymous Symbol]                       0x000019f0   Section        0  laser.o(.text.laser_init)
    [Anonymous Symbol]                       0x00001a48   Section        0  laser.o(.text.laser_turn_on)
    [Anonymous Symbol]                       0x00001be4   Section        0  main.o(.text.main)
    [Anonymous Symbol]                       0x00001cfc   Section        0  main.o(.text.portf_init)
    [Anonymous Symbol]                       0x00001d64   Section        0  uart0.o(.text.print_message_uart0)
    [Anonymous Symbol]                       0x00001d88   Section        0  uart0.o(.text.send_message_uart0)
    [Anonymous Symbol]                       0x00001db8   Section        0  uart0.o(.text.uart0_init)
    CL$$btod_d2e                             0x00001e62   Section       62  btod.o(CL$$btod_d2e)
    CL$$btod_d2e_denorm_low                  0x00001ea0   Section       70  btod.o(CL$$btod_d2e_denorm_low)
    CL$$btod_d2e_norm_op1                    0x00001ee6   Section       96  btod.o(CL$$btod_d2e_norm_op1)
    CL$$btod_div_common                      0x00001f48   Section      824  btod.o(CL$$btod_div_common)
    CL$$btod_e2e                             0x00002280   Section      220  btod.o(CL$$btod_e2e)
    CL$$btod_ediv                            0x0000235c   Section       42  btod.o(CL$$btod_ediv)
    CL$$btod_emul                            0x00002386   Section       42  btod.o(CL$$btod_emul)
    CL$$btod_mult_common                     0x000023b0   Section      580  btod.o(CL$$btod_mult_common)
    i.__ARM_fpclassify                       0x000025f4   Section        0  fpclassify.o(i.__ARM_fpclassify)
    i._is_digit                              0x00002624   Section        0  __printf_wp.o(i._is_digit)
    locale$$code                             0x00002634   Section       44  lc_numeric_c.o(locale$$code)
    locale$$code                             0x00002660   Section       44  lc_ctype_c.o(locale$$code)
    $v0                                      0x0000268c   Number         0  fpinit.o(x$fpl$fpinit)
    x$fpl$fpinit                             0x0000268c   Section       26  fpinit.o(x$fpl$fpinit)
    $v0                                      0x000026a6   Number         0  printf1.o(x$fpl$printf1)
    x$fpl$printf1                            0x000026a6   Section        4  printf1.o(x$fpl$printf1)
    $v0                                      0x000026aa   Number         0  printf2.o(x$fpl$printf2)
    x$fpl$printf2                            0x000026aa   Section        4  printf2.o(x$fpl$printf2)
    x$fpl$usenofp                            0x000026ae   Section        0  usenofp.o(x$fpl$usenofp)
    initial_mbstate                          0x000026b0   Data           8  _printf_wctomb.o(.constdata)
    .constdata                               0x000026b0   Section        8  _printf_wctomb.o(.constdata)
    uc_hextab                                0x000026b8   Data          20  _printf_hex_int_ll_ptr.o(.constdata)
    .constdata                               0x000026b8   Section       40  _printf_hex_int_ll_ptr.o(.constdata)
    lc_hextab                                0x000026cc   Data          20  _printf_hex_int_ll_ptr.o(.constdata)
    maptable                                 0x000026e0   Data          17  __printf_flags_ss_wp.o(.constdata)
    .constdata                               0x000026e0   Section       17  __printf_flags_ss_wp.o(.constdata)
    lc_hextab                                0x000026f1   Data          19  _printf_fp_hex.o(.constdata)
    .constdata                               0x000026f1   Section       38  _printf_fp_hex.o(.constdata)
    uc_hextab                                0x00002704   Data          19  _printf_fp_hex.o(.constdata)
    tenpwrs_x                                0x00002718   Data          60  bigflt0.o(.constdata)
    .constdata                               0x00002718   Section      148  bigflt0.o(.constdata)
    tenpwrs_i                                0x00002754   Data          64  bigflt0.o(.constdata)
    .L.str.1                                 0x000027ac   Data          18  main.o(.rodata.str1.1)
    [Anonymous Symbol]                       0x000027ac   Section        0  main.o(.rodata.str1.1)
    .L.str.2                                 0x000027be   Data          26  main.o(.rodata.str1.1)
    .L.str.3                                 0x000027d8   Data           7  main.o(.rodata.str1.1)
    .L.str                                   0x000027df   Data          19  main.o(.rodata.str1.1)
    locale$$data                             0x00002804   Section       28  lc_numeric_c.o(locale$$data)
    __lcnum_c_name                           0x00002808   Data           2  lc_numeric_c.o(locale$$data)
    __lcnum_c_start                          0x00002810   Data           0  lc_numeric_c.o(locale$$data)
    __lcnum_c_point                          0x0000281c   Data           0  lc_numeric_c.o(locale$$data)
    __lcnum_c_thousands                      0x0000281e   Data           0  lc_numeric_c.o(locale$$data)
    __lcnum_c_grouping                       0x0000281f   Data           0  lc_numeric_c.o(locale$$data)
    __lcnum_c_end                            0x00002820   Data           0  lc_numeric_c.o(locale$$data)
    locale$$data                             0x00002820   Section      272  lc_ctype_c.o(locale$$data)
    __lcctype_c_name                         0x00002824   Data           2  lc_ctype_c.o(locale$$data)
    __lcctype_c_start                        0x0000282c   Data           0  lc_ctype_c.o(locale$$data)
    __lcctype_c_end                          0x00002930   Data           0  lc_ctype_c.o(locale$$data)
    .bss                                     0x20000000   Section       96  libspace.o(.bss)
    Heap_Mem                                 0x200000a0   Data           0  startup_tm4c123.o(HEAP)
    Stack_Mem                                0x200000a0   Data         512  startup_tm4c123.o(STACK)
    HEAP                                     0x200000a0   Section        0  startup_tm4c123.o(HEAP)
    STACK                                    0x200000a0   Section      512  startup_tm4c123.o(STACK)
    __initial_sp                             0x200002a0   Data           0  startup_tm4c123.o(STACK)

    Global Symbols

    Symbol Name                              Value     Ov Type        Size  Object(Section)

    BuildAttributes$$THM_ISAv4$E$P$D$K$B$S$7EM$VFPi3$EXTD16$VFPS$VFMA$PE$A:L22UL41UL21$X:L11$S22US41US21$IEEE1$IW$~IW$USESV6$~STKCKD$USESV7$~SHL$OTIME$ROPI$IEEEJ$EBA8$UX$STANDARDLIB$REQ8$PRES8$EABIv2 0x00000000   Number         0  anon$$obj.o ABSOLUTE
    __Vectors                                0x00000000   Data           4  startup_tm4c123.o(RESET)
    _printf_flags                            0x00000000   Number         0  printf_stubs.o ABSOLUTE
    _printf_return_value                     0x00000000   Number         0  printf_stubs.o ABSOLUTE
    _printf_sizespec                         0x00000000   Number         0  printf_stubs.o ABSOLUTE
    _printf_widthprec                        0x00000000   Number         0  printf_stubs.o ABSOLUTE
    __ARM_exceptions_init                     - Undefined Weak Reference
    __alloca_initialize                       - Undefined Weak Reference
    __arm_preinit_                            - Undefined Weak Reference
    __arm_relocate_pie_                       - Undefined Weak Reference
    __cpp_initialize__aeabi_                  - Undefined Weak Reference
    __cxa_finalize                            - Undefined Weak Reference
    __sigvec_lookup                           - Undefined Weak Reference
    _atexit_init                              - Undefined Weak Reference
    _call_atexit_fns                          - Undefined Weak Reference
    _clock_init                               - Undefined Weak Reference
    _fp_trap_init                             - Undefined Weak Reference
    _fp_trap_shutdown                         - Undefined Weak Reference
    _get_lc_collate                           - Undefined Weak Reference
    _get_lc_monetary                          - Undefined Weak Reference
    _get_lc_time                              - Undefined Weak Reference
    _getenv_init                              - Undefined Weak Reference
    _handle_redirection                       - Undefined Weak Reference
    _init_alloc                               - Undefined Weak Reference
    _init_user_alloc                          - Undefined Weak Reference
    _initio                                   - Undefined Weak Reference
    _printf_mbtowc                            - Undefined Weak Reference
    _printf_wc                                - Undefined Weak Reference
    _rand_init                                - Undefined Weak Reference
    _signal_finish                            - Undefined Weak Reference
    _signal_init                              - Undefined Weak Reference
    _terminate_alloc                          - Undefined Weak Reference
    _terminate_user_alloc                     - Undefined Weak Reference
    _terminateio                              - Undefined Weak Reference
    __Vectors_End                            0x0000026c   Data           0  startup_tm4c123.o(RESET)
    __Vectors_Size                           0x0000026c   Number         0  startup_tm4c123.o ABSOLUTE
    __main                                   0x0000026d   Thumb Code     8  __main.o(!!!main)
    __scatterload                            0x00000275   Thumb Code     0  __scatter.o(!!!scatter)
    __scatterload_rt2                        0x00000275   Thumb Code    44  __scatter.o(!!!scatter)
    __scatterload_rt2_thumb_only             0x00000275   Thumb Code     0  __scatter.o(!!!scatter)
    __scatterload_null                       0x00000283   Thumb Code     0  __scatter.o(!!!scatter)
    __scatterload_zeroinit                   0x000002a9   Thumb Code    28  __scatter_zi.o(!!handler_zi)
    _printf_n                                0x000002c5   Thumb Code     0  _printf_n.o(.ARM.Collect$$_printf_percent$$00000001)
    _printf_percent                          0x000002c5   Thumb Code     0  _printf_percent.o(.ARM.Collect$$_printf_percent$$00000000)
    _printf_p                                0x000002cb   Thumb Code     0  _printf_p.o(.ARM.Collect$$_printf_percent$$00000002)
    _printf_f                                0x000002d1   Thumb Code     0  _printf_f.o(.ARM.Collect$$_printf_percent$$00000003)
    _printf_e                                0x000002d7   Thumb Code     0  _printf_e.o(.ARM.Collect$$_printf_percent$$00000004)
    _printf_g                                0x000002dd   Thumb Code     0  _printf_g.o(.ARM.Collect$$_printf_percent$$00000005)
    _printf_a                                0x000002e3   Thumb Code     0  _printf_a.o(.ARM.Collect$$_printf_percent$$00000006)
    _printf_ll                               0x000002e9   Thumb Code     0  _printf_ll.o(.ARM.Collect$$_printf_percent$$00000007)
    _printf_i                                0x000002f3   Thumb Code     0  _printf_i.o(.ARM.Collect$$_printf_percent$$00000008)
    _printf_d                                0x000002f9   Thumb Code     0  _printf_d.o(.ARM.Collect$$_printf_percent$$00000009)
    _printf_u                                0x000002ff   Thumb Code     0  _printf_u.o(.ARM.Collect$$_printf_percent$$0000000A)
    _printf_o                                0x00000305   Thumb Code     0  _printf_o.o(.ARM.Collect$$_printf_percent$$0000000B)
    _printf_x                                0x0000030b   Thumb Code     0  _printf_x.o(.ARM.Collect$$_printf_percent$$0000000C)
    _printf_lli                              0x00000311   Thumb Code     0  _printf_lli.o(.ARM.Collect$$_printf_percent$$0000000D)
    _printf_lld                              0x00000317   Thumb Code     0  _printf_lld.o(.ARM.Collect$$_printf_percent$$0000000E)
    _printf_llu                              0x0000031d   Thumb Code     0  _printf_llu.o(.ARM.Collect$$_printf_percent$$0000000F)
    _printf_llo                              0x00000323   Thumb Code     0  _printf_llo.o(.ARM.Collect$$_printf_percent$$00000010)
    _printf_llx                              0x00000329   Thumb Code     0  _printf_llx.o(.ARM.Collect$$_printf_percent$$00000011)
    _printf_l                                0x0000032f   Thumb Code     0  _printf_l.o(.ARM.Collect$$_printf_percent$$00000012)
    _printf_c                                0x00000339   Thumb Code     0  _printf_c.o(.ARM.Collect$$_printf_percent$$00000013)
    _printf_s                                0x0000033f   Thumb Code     0  _printf_s.o(.ARM.Collect$$_printf_percent$$00000014)
    _printf_lc                               0x00000345   Thumb Code     0  _printf_lc.o(.ARM.Collect$$_printf_percent$$00000015)
    _printf_ls                               0x0000034b   Thumb Code     0  _printf_ls.o(.ARM.Collect$$_printf_percent$$00000016)
    _printf_percent_end                      0x00000351   Thumb Code     0  _printf_percent_end.o(.ARM.Collect$$_printf_percent$$00000017)
    __rt_lib_init                            0x00000355   Thumb Code     0  libinit.o(.ARM.Collect$$libinit$$00000000)
    __rt_lib_init_fp_1                       0x00000357   Thumb Code     0  libinit2.o(.ARM.Collect$$libinit$$00000001)
    __rt_lib_init_heap_1                     0x0000035b   Thumb Code     0  libinit2.o(.ARM.Collect$$libinit$$0000000C)
    __rt_lib_init_lc_common                  0x0000035b   Thumb Code     0  libinit2.o(.ARM.Collect$$libinit$$00000011)
    __rt_lib_init_preinit_1                  0x0000035b   Thumb Code     0  libinit2.o(.ARM.Collect$$libinit$$00000006)
    __rt_lib_init_rand_1                     0x0000035b   Thumb Code     0  libinit2.o(.ARM.Collect$$libinit$$00000010)
    __rt_lib_init_relocate_pie_1             0x0000035b   Thumb Code     0  libinit2.o(.ARM.Collect$$libinit$$00000004)
    __rt_lib_init_user_alloc_1               0x0000035b   Thumb Code     0  libinit2.o(.ARM.Collect$$libinit$$0000000E)
    __rt_lib_init_lc_collate_1               0x00000361   Thumb Code     0  libinit2.o(.ARM.Collect$$libinit$$00000013)
    __rt_lib_init_lc_ctype_2                 0x00000361   Thumb Code     0  libinit2.o(.ARM.Collect$$libinit$$00000014)
    __rt_lib_init_lc_ctype_1                 0x0000036d   Thumb Code     0  libinit2.o(.ARM.Collect$$libinit$$00000015)
    __rt_lib_init_lc_monetary_1              0x0000036d   Thumb Code     0  libinit2.o(.ARM.Collect$$libinit$$00000017)
    __rt_lib_init_lc_numeric_2               0x0000036d   Thumb Code     0  libinit2.o(.ARM.Collect$$libinit$$00000018)
    __rt_lib_init_alloca_1                   0x00000377   Thumb Code     0  libinit2.o(.ARM.Collect$$libinit$$00000030)
    __rt_lib_init_argv_1                     0x00000377   Thumb Code     0  libinit2.o(.ARM.Collect$$libinit$$0000002E)
    __rt_lib_init_atexit_1                   0x00000377   Thumb Code     0  libinit2.o(.ARM.Collect$$libinit$$0000001D)
    __rt_lib_init_clock_1                    0x00000377   Thumb Code     0  libinit2.o(.ARM.Collect$$libinit$$00000023)
    __rt_lib_init_cpp_1                      0x00000377   Thumb Code     0  libinit2.o(.ARM.Collect$$libinit$$00000034)
    __rt_lib_init_exceptions_1               0x00000377   Thumb Code     0  libinit2.o(.ARM.Collect$$libinit$$00000032)
    __rt_lib_init_fp_trap_1                  0x00000377   Thumb Code     0  libinit2.o(.ARM.Collect$$libinit$$00000021)
    __rt_lib_init_getenv_1                   0x00000377   Thumb Code     0  libinit2.o(.ARM.Collect$$libinit$$00000025)
    __rt_lib_init_lc_numeric_1               0x00000377   Thumb Code     0  libinit2.o(.ARM.Collect$$libinit$$00000019)
    __rt_lib_init_lc_time_1                  0x00000377   Thumb Code     0  libinit2.o(.ARM.Collect$$libinit$$0000001B)
    __rt_lib_init_return                     0x00000377   Thumb Code     0  libinit2.o(.ARM.Collect$$libinit$$00000035)
    __rt_lib_init_signal_1                   0x00000377   Thumb Code     0  libinit2.o(.ARM.Collect$$libinit$$0000001F)
    __rt_lib_init_stdio_1                    0x00000377   Thumb Code     0  libinit2.o(.ARM.Collect$$libinit$$00000027)
    __rt_lib_shutdown                        0x00000379   Thumb Code     0  libshutdown.o(.ARM.Collect$$libshutdown$$00000000)
    __rt_lib_shutdown_cpp_1                  0x0000037b   Thumb Code     0  libshutdown2.o(.ARM.Collect$$libshutdown$$00000002)
    __rt_lib_shutdown_fp_trap_1              0x0000037b   Thumb Code     0  libshutdown2.o(.ARM.Collect$$libshutdown$$00000007)
    __rt_lib_shutdown_heap_1                 0x0000037b   Thumb Code     0  libshutdown2.o(.ARM.Collect$$libshutdown$$0000000F)
    __rt_lib_shutdown_return                 0x0000037b   Thumb Code     0  libshutdown2.o(.ARM.Collect$$libshutdown$$00000010)
    __rt_lib_shutdown_signal_1               0x0000037b   Thumb Code     0  libshutdown2.o(.ARM.Collect$$libshutdown$$0000000A)
    __rt_lib_shutdown_stdio_1                0x0000037b   Thumb Code     0  libshutdown2.o(.ARM.Collect$$libshutdown$$00000004)
    __rt_lib_shutdown_user_alloc_1           0x0000037b   Thumb Code     0  libshutdown2.o(.ARM.Collect$$libshutdown$$0000000C)
    __rt_entry                               0x0000037d   Thumb Code     0  __rtentry.o(.ARM.Collect$$rtentry$$00000000)
    __rt_entry_presh_1                       0x0000037d   Thumb Code     0  __rtentry2.o(.ARM.Collect$$rtentry$$00000002)
    __rt_entry_sh                            0x0000037d   Thumb Code     0  __rtentry4.o(.ARM.Collect$$rtentry$$00000004)
    __rt_entry_li                            0x00000383   Thumb Code     0  __rtentry2.o(.ARM.Collect$$rtentry$$0000000A)
    __rt_entry_postsh_1                      0x00000383   Thumb Code     0  __rtentry2.o(.ARM.Collect$$rtentry$$00000009)
    __rt_entry_main                          0x00000387   Thumb Code     0  __rtentry2.o(.ARM.Collect$$rtentry$$0000000D)
    __rt_entry_postli_1                      0x00000387   Thumb Code     0  __rtentry2.o(.ARM.Collect$$rtentry$$0000000C)
    __rt_exit                                0x0000038f   Thumb Code     0  rtexit.o(.ARM.Collect$$rtexit$$00000000)
    __rt_exit_ls                             0x00000391   Thumb Code     0  rtexit2.o(.ARM.Collect$$rtexit$$00000003)
    __rt_exit_prels_1                        0x00000391   Thumb Code     0  rtexit2.o(.ARM.Collect$$rtexit$$00000002)
    __rt_exit_exit                           0x00000395   Thumb Code     0  rtexit2.o(.ARM.Collect$$rtexit$$00000004)
    Reset_Handler                            0x0000039d   Thumb Code     8  startup_tm4c123.o(.text)
    NMI_Handler                              0x000003a5   Thumb Code     2  startup_tm4c123.o(.text)
    HardFault_Handler                        0x000003a7   Thumb Code     2  startup_tm4c123.o(.text)
    MemManage_Handler                        0x000003a9   Thumb Code     2  startup_tm4c123.o(.text)
    BusFault_Handler                         0x000003ab   Thumb Code     2  startup_tm4c123.o(.text)
    UsageFault_Handler                       0x000003ad   Thumb Code     2  startup_tm4c123.o(.text)
    SVC_Handler                              0x000003af   Thumb Code     2  startup_tm4c123.o(.text)
    DebugMon_Handler                         0x000003b1   Thumb Code     2  startup_tm4c123.o(.text)
    PendSV_Handler                           0x000003b3   Thumb Code     2  startup_tm4c123.o(.text)
    SysTick_Handler                          0x000003b5   Thumb Code     2  startup_tm4c123.o(.text)
    GPIOA_Handler                            0x000003b7   Thumb Code     2  startup_tm4c123.o(.text)
    GPIOB_Handler                            0x000003b9   Thumb Code     2  startup_tm4c123.o(.text)
    GPIOC_Handler                            0x000003bb   Thumb Code     2  startup_tm4c123.o(.text)
    GPIOE_Handler                            0x000003bf   Thumb Code     2  startup_tm4c123.o(.text)
    UART0_Handler                            0x000003c1   Thumb Code     2  startup_tm4c123.o(.text)
    UART1_Handler                            0x000003c3   Thumb Code     2  startup_tm4c123.o(.text)
    SSI0_Handler                             0x000003c5   Thumb Code     2  startup_tm4c123.o(.text)
    I2C0_Handler                             0x000003c7   Thumb Code     2  startup_tm4c123.o(.text)
    PMW0_FAULT_Handler                       0x000003c9   Thumb Code     2  startup_tm4c123.o(.text)
    PWM0_0_Handler                           0x000003cb   Thumb Code     2  startup_tm4c123.o(.text)
    PWM0_1_Handler                           0x000003cd   Thumb Code     2  startup_tm4c123.o(.text)
    PWM0_2_Handler                           0x000003cf   Thumb Code     2  startup_tm4c123.o(.text)
    QEI0_Handler                             0x000003d1   Thumb Code     2  startup_tm4c123.o(.text)
    ADC0SS0_Handler                          0x000003d3   Thumb Code     2  startup_tm4c123.o(.text)
    ADC0SS1_Handler                          0x000003d5   Thumb Code     2  startup_tm4c123.o(.text)
    ADC0SS2_Handler                          0x000003d7   Thumb Code     2  startup_tm4c123.o(.text)
    ADC0SS3_Handler                          0x000003d9   Thumb Code     2  startup_tm4c123.o(.text)
    WDT0_Handler                             0x000003db   Thumb Code     2  startup_tm4c123.o(.text)
    TIMER0A_Handler                          0x000003dd   Thumb Code     2  startup_tm4c123.o(.text)
    TIMER0B_Handler                          0x000003df   Thumb Code     2  startup_tm4c123.o(.text)
    TIMER1A_Handler                          0x000003e1   Thumb Code     2  startup_tm4c123.o(.text)
    TIMER1B_Handler                          0x000003e3   Thumb Code     2  startup_tm4c123.o(.text)
    TIMER2A_Handler                          0x000003e5   Thumb Code     2  startup_tm4c123.o(.text)
    TIMER2B_Handler                          0x000003e7   Thumb Code     2  startup_tm4c123.o(.text)
    COMP0_Handler                            0x000003e9   Thumb Code     2  startup_tm4c123.o(.text)
    COMP1_Handler                            0x000003eb   Thumb Code     2  startup_tm4c123.o(.text)
    COMP2_Handler                            0x000003ed   Thumb Code     2  startup_tm4c123.o(.text)
    SYSCTL_Handler                           0x000003ef   Thumb Code     2  startup_tm4c123.o(.text)
    FLASH_Handler                            0x000003f1   Thumb Code     2  startup_tm4c123.o(.text)
    GPIOF_Handler                            0x000003f3   Thumb Code     2  startup_tm4c123.o(.text)
    GPIOG_Handler                            0x000003f5   Thumb Code     2  startup_tm4c123.o(.text)
    GPIOH_Handler                            0x000003f7   Thumb Code     2  startup_tm4c123.o(.text)
    UART2_Handler                            0x000003f9   Thumb Code     2  startup_tm4c123.o(.text)
    SSI1_Handler                             0x000003fb   Thumb Code     2  startup_tm4c123.o(.text)
    TIMER3A_Handler                          0x000003fd   Thumb Code     2  startup_tm4c123.o(.text)
    TIMER3B_Handler                          0x000003ff   Thumb Code     2  startup_tm4c123.o(.text)
    I2C1_Handler                             0x00000401   Thumb Code     2  startup_tm4c123.o(.text)
    QEI1_Handler                             0x00000403   Thumb Code     2  startup_tm4c123.o(.text)
    CAN0_Handler                             0x00000405   Thumb Code     2  startup_tm4c123.o(.text)
    CAN1_Handler                             0x00000407   Thumb Code     2  startup_tm4c123.o(.text)
    CAN2_Handler                             0x00000409   Thumb Code     2  startup_tm4c123.o(.text)
    HIB_Handler                              0x0000040b   Thumb Code     2  startup_tm4c123.o(.text)
    USB0_Handler                             0x0000040d   Thumb Code     2  startup_tm4c123.o(.text)
    PWM0_3_Handler                           0x0000040f   Thumb Code     2  startup_tm4c123.o(.text)
    UDMA_Handler                             0x00000411   Thumb Code     2  startup_tm4c123.o(.text)
    UDMAERR_Handler                          0x00000413   Thumb Code     2  startup_tm4c123.o(.text)
    ADC1SS0_Handler                          0x00000415   Thumb Code     2  startup_tm4c123.o(.text)
    ADC1SS1_Handler                          0x00000417   Thumb Code     2  startup_tm4c123.o(.text)
    ADC1SS2_Handler                          0x00000419   Thumb Code     2  startup_tm4c123.o(.text)
    ADC1SS3_Handler                          0x0000041b   Thumb Code     2  startup_tm4c123.o(.text)
    GPIOJ_Handler                            0x0000041d   Thumb Code     2  startup_tm4c123.o(.text)
    GPIOK_Handler                            0x0000041f   Thumb Code     2  startup_tm4c123.o(.text)
    GPIOL_Handler                            0x00000421   Thumb Code     2  startup_tm4c123.o(.text)
    SSI2_Handler                             0x00000423   Thumb Code     2  startup_tm4c123.o(.text)
    SSI3_Handler                             0x00000425   Thumb Code     2  startup_tm4c123.o(.text)
    UART3_Handler                            0x00000427   Thumb Code     2  startup_tm4c123.o(.text)
    UART4_Handler                            0x00000429   Thumb Code     2  startup_tm4c123.o(.text)
    UART5_Handler                            0x0000042b   Thumb Code     2  startup_tm4c123.o(.text)
    UART6_Handler                            0x0000042d   Thumb Code     2  startup_tm4c123.o(.text)
    UART7_Handler                            0x0000042f   Thumb Code     2  startup_tm4c123.o(.text)
    I2C2_Handler                             0x00000431   Thumb Code     2  startup_tm4c123.o(.text)
    I2C3_Handler                             0x00000433   Thumb Code     2  startup_tm4c123.o(.text)
    TIMER4A_Handler                          0x00000435   Thumb Code     2  startup_tm4c123.o(.text)
    TIMER4B_Handler                          0x00000437   Thumb Code     2  startup_tm4c123.o(.text)
    TIMER5A_Handler                          0x00000439   Thumb Code     2  startup_tm4c123.o(.text)
    TIMER5B_Handler                          0x0000043b   Thumb Code     2  startup_tm4c123.o(.text)
    WTIMER0A_Handler                         0x0000043d   Thumb Code     2  startup_tm4c123.o(.text)
    WTIMER0B_Handler                         0x0000043f   Thumb Code     2  startup_tm4c123.o(.text)
    WTIMER1A_Handler                         0x00000441   Thumb Code     2  startup_tm4c123.o(.text)
    WTIMER1B_Handler                         0x00000443   Thumb Code     2  startup_tm4c123.o(.text)
    WTIMER2A_Handler                         0x00000445   Thumb Code     2  startup_tm4c123.o(.text)
    WTIMER2B_Handler                         0x00000447   Thumb Code     2  startup_tm4c123.o(.text)
    WTIMER3A_Handler                         0x00000449   Thumb Code     2  startup_tm4c123.o(.text)
    WTIMER3B_Handler                         0x0000044b   Thumb Code     2  startup_tm4c123.o(.text)
    WTIMER4A_Handler                         0x0000044d   Thumb Code     2  startup_tm4c123.o(.text)
    WTIMER4B_Handler                         0x0000044f   Thumb Code     2  startup_tm4c123.o(.text)
    WTIMER5A_Handler                         0x00000451   Thumb Code     2  startup_tm4c123.o(.text)
    WTIMER5B_Handler                         0x00000453   Thumb Code     2  startup_tm4c123.o(.text)
    FPU_Handler                              0x00000455   Thumb Code     2  startup_tm4c123.o(.text)
    I2C4_Handler                             0x00000457   Thumb Code     2  startup_tm4c123.o(.text)
    I2C5_Handler                             0x00000459   Thumb Code     2  startup_tm4c123.o(.text)
    GPIOM_Handler                            0x0000045b   Thumb Code     2  startup_tm4c123.o(.text)
    GPION_Handler                            0x0000045d   Thumb Code     2  startup_tm4c123.o(.text)
    QEI2_Handler                             0x0000045f   Thumb Code     2  startup_tm4c123.o(.text)
    GPIOP0_Handler                           0x00000461   Thumb Code     2  startup_tm4c123.o(.text)
    GPIOP1_Handler                           0x00000463   Thumb Code     2  startup_tm4c123.o(.text)
    GPIOP2_Handler                           0x00000465   Thumb Code     2  startup_tm4c123.o(.text)
    GPIOP3_Handler                           0x00000467   Thumb Code     2  startup_tm4c123.o(.text)
    GPIOP4_Handler                           0x00000469   Thumb Code     2  startup_tm4c123.o(.text)
    GPIOP5_Handler                           0x0000046b   Thumb Code     2  startup_tm4c123.o(.text)
    GPIOP6_Handler                           0x0000046d   Thumb Code     2  startup_tm4c123.o(.text)
    GPIOP7_Handler                           0x0000046f   Thumb Code     2  startup_tm4c123.o(.text)
    GPIOQ0_Handler                           0x00000471   Thumb Code     2  startup_tm4c123.o(.text)
    GPIOQ1_Handler                           0x00000473   Thumb Code     2  startup_tm4c123.o(.text)
    GPIOQ2_Handler                           0x00000475   Thumb Code     2  startup_tm4c123.o(.text)
    GPIOQ3_Handler                           0x00000477   Thumb Code     2  startup_tm4c123.o(.text)
    GPIOQ4_Handler                           0x00000479   Thumb Code     2  startup_tm4c123.o(.text)
    GPIOQ5_Handler                           0x0000047b   Thumb Code     2  startup_tm4c123.o(.text)
    GPIOQ6_Handler                           0x0000047d   Thumb Code     2  startup_tm4c123.o(.text)
    GPIOQ7_Handler                           0x0000047f   Thumb Code     2  startup_tm4c123.o(.text)
    GPIOR_Handler                            0x00000481   Thumb Code     2  startup_tm4c123.o(.text)
    GPIOS_Handler                            0x00000483   Thumb Code     2  startup_tm4c123.o(.text)
    PMW1_0_Handler                           0x00000485   Thumb Code     2  startup_tm4c123.o(.text)
    PWM1_1_Handler                           0x00000487   Thumb Code     2  startup_tm4c123.o(.text)
    PWM1_2_Handler                           0x00000489   Thumb Code     2  startup_tm4c123.o(.text)
    PWM1_3_Handler                           0x0000048b   Thumb Code     2  startup_tm4c123.o(.text)
    PWM1_FAULT_Handler                       0x0000048d   Thumb Code     2  startup_tm4c123.o(.text)
    __user_initial_stackheap                 0x00000491   Thumb Code     0  startup_tm4c123.o(.text)
    sprintf                                  0x000004b1   Thumb Code    38  sprintf.o(.text)
    __use_two_region_memory                  0x000004dd   Thumb Code     2  heapauxi.o(.text)
    __rt_heap_escrow$2region                 0x000004df   Thumb Code     2  heapauxi.o(.text)
    __rt_heap_expand$2region                 0x000004e1   Thumb Code     2  heapauxi.o(.text)
    _printf_pre_padding                      0x000004e3   Thumb Code    44  _printf_pad.o(.text)
    _printf_post_padding                     0x0000050f   Thumb Code    34  _printf_pad.o(.text)
    _printf_truncate_signed                  0x00000531   Thumb Code    18  _printf_truncate.o(.text)
    _printf_truncate_unsigned                0x00000543   Thumb Code    18  _printf_truncate.o(.text)
    _printf_str                              0x00000555   Thumb Code    82  _printf_str.o(.text)
    _printf_int_dec                          0x000005a9   Thumb Code   104  _printf_dec.o(.text)
    _printf_charcount                        0x00000621   Thumb Code    40  _printf_charcount.o(.text)
    _printf_char_common                      0x00000653   Thumb Code    32  _printf_char_common.o(.text)
    _sputc                                   0x00000679   Thumb Code    10  _sputc.o(.text)
    _printf_wctomb                           0x00000685   Thumb Code   182  _printf_wctomb.o(.text)
    _printf_longlong_dec                     0x00000741   Thumb Code   108  _printf_longlong_dec.o(.text)
    _printf_longlong_oct                     0x000007bd   Thumb Code    68  _printf_oct_int_ll.o(.text)
    _printf_int_oct                          0x00000801   Thumb Code    24  _printf_oct_int_ll.o(.text)
    _printf_ll_oct                           0x00000819   Thumb Code    12  _printf_oct_int_ll.o(.text)
    _printf_longlong_hex                     0x0000082d   Thumb Code    86  _printf_hex_int_ll_ptr.o(.text)
    _printf_int_hex                          0x00000883   Thumb Code    28  _printf_hex_int_ll_ptr.o(.text)
    _printf_ll_hex                           0x0000089f   Thumb Code    12  _printf_hex_int_ll_ptr.o(.text)
    _printf_hex_ptr                          0x000008ab   Thumb Code    18  _printf_hex_int_ll_ptr.o(.text)
    __printf                                 0x000008c1   Thumb Code   388  __printf_flags_ss_wp.o(.text)
    _ll_udiv10                               0x00000a49   Thumb Code   138  lludiv10.o(.text)
    _printf_int_common                       0x00000ad3   Thumb Code   178  _printf_intcommon.o(.text)
    _printf_fp_dec_real                      0x00000d35   Thumb Code   620  _printf_fp_dec.o(.text)
    _printf_fp_hex_real                      0x00000fa1   Thumb Code   756  _printf_fp_hex.o(.text)
    _printf_cs_common                        0x0000129d   Thumb Code    20  _printf_char.o(.text)
    _printf_char                             0x000012b1   Thumb Code    16  _printf_char.o(.text)
    _printf_string                           0x000012c1   Thumb Code     8  _printf_char.o(.text)
    _printf_lcs_common                       0x000012c9   Thumb Code    20  _printf_wchar.o(.text)
    _printf_wchar                            0x000012dd   Thumb Code    16  _printf_wchar.o(.text)
    _printf_wstring                          0x000012ed   Thumb Code     8  _printf_wchar.o(.text)
    _c16rtomb                                0x000012f5   Thumb Code    72  _c16rtomb.o(.text)
    _wcrtomb                                 0x000012f5   Thumb Code     0  _c16rtomb.o(.text)
    __user_setup_stackheap                   0x0000133d   Thumb Code    74  sys_stackheap_outer.o(.text)
    __rt_ctype_table                         0x00001389   Thumb Code    16  rt_ctype_table.o(.text)
    __rt_locale                              0x00001399   Thumb Code     8  rt_locale_intlibspace.o(.text)
    _printf_fp_infnan                        0x000013a1   Thumb Code   112  _printf_fp_infnan.o(.text)
    _btod_etento                             0x00001421   Thumb Code   224  bigflt0.o(.text)
    exit                                     0x00001505   Thumb Code    18  exit.o(.text)
    __user_libspace                          0x00001519   Thumb Code     8  libspace.o(.text)
    __user_perproc_libspace                  0x00001519   Thumb Code     0  libspace.o(.text)
    __user_perthread_libspace                0x00001519   Thumb Code     0  libspace.o(.text)
    strcmp                                   0x00001521   Thumb Code   124  strcmpv7em.o(.text)
    _sys_exit                                0x0000159d   Thumb Code     8  sys_exit.o(.text)
    __I$use$semihosting                      0x000015a9   Thumb Code     0  use_no_semi.o(.text)
    __use_no_semihosting_swi                 0x000015a9   Thumb Code     2  use_no_semi.o(.text)
    __semihosting_library_function           0x000015ab   Thumb Code     0  indicate_semi.o(.text)
    Delay                                    0x000015ad   Thumb Code    42  main.o(.text.Delay)
    Delay_MicroSecond                        0x000015d9   Thumb Code   148  main.o(.text.Delay_MicroSecond)
    GPIOD_Handler                            0x0000166d   Thumb Code    24  magnetic_switch.o(.text.GPIOD_Handler)
    Measure_distance                         0x00001685   Thumb Code   168  main.o(.text.Measure_distance)
    SystemInit                               0x0000172d   Thumb Code    18  system_tm4c123.o(.text.SystemInit)
    Timer0ACapture_init                      0x00001741   Thumb Code   196  main.o(.text.Timer0ACapture_init)
    adc0_init                                0x00001805   Thumb Code   150  adc0.o(.text.adc0_init)
    bluetooth_init                           0x0000189d   Thumb Code   184  bluetooth.o(.text.bluetooth_init)
    bluetooth_write                          0x00001955   Thumb Code    46  bluetooth.o(.text.bluetooth_write)
    bluetooth_write_message                  0x00001985   Thumb Code    34  bluetooth.o(.text.bluetooth_write_message)
    get_val_adc0                             0x000019a9   Thumb Code    70  adc0.o(.text.get_val_adc0)
    laser_init                               0x000019f1   Thumb Code    86  laser.o(.text.laser_init)
    laser_turn_on                            0x00001a49   Thumb Code   410  laser.o(.text.laser_turn_on)
    main                                     0x00001be5   Thumb Code   280  main.o(.text.main)
    portf_init                               0x00001cfd   Thumb Code   104  main.o(.text.portf_init)
    print_message_uart0                      0x00001d65   Thumb Code    34  uart0.o(.text.print_message_uart0)
    send_message_uart0                       0x00001d89   Thumb Code    46  uart0.o(.text.send_message_uart0)
    uart0_init                               0x00001db9   Thumb Code   170  uart0.o(.text.uart0_init)
    _btod_d2e                                0x00001e63   Thumb Code    62  btod.o(CL$$btod_d2e)
    _d2e_denorm_low                          0x00001ea1   Thumb Code    70  btod.o(CL$$btod_d2e_denorm_low)
    _d2e_norm_op1                            0x00001ee7   Thumb Code    96  btod.o(CL$$btod_d2e_norm_op1)
    __btod_div_common                        0x00001f49   Thumb Code   696  btod.o(CL$$btod_div_common)
    _e2e                                     0x00002281   Thumb Code   220  btod.o(CL$$btod_e2e)
    _btod_ediv                               0x0000235d   Thumb Code    42  btod.o(CL$$btod_ediv)
    _btod_emul                               0x00002387   Thumb Code    42  btod.o(CL$$btod_emul)
    __btod_mult_common                       0x000023b1   Thumb Code   580  btod.o(CL$$btod_mult_common)
    __ARM_fpclassify                         0x000025f5   Thumb Code    48  fpclassify.o(i.__ARM_fpclassify)
    _is_digit                                0x00002625   Thumb Code    14  __printf_wp.o(i._is_digit)
    _get_lc_numeric                          0x00002635   Thumb Code    44  lc_numeric_c.o(locale$$code)
    _get_lc_ctype                            0x00002661   Thumb Code    44  lc_ctype_c.o(locale$$code)
    _fp_init                                 0x0000268d   Thumb Code    26  fpinit.o(x$fpl$fpinit)
    __fplib_config_fpu_vfp                   0x000026a5   Thumb Code     0  fpinit.o(x$fpl$fpinit)
    __fplib_config_pureend_doubles           0x000026a5   Thumb Code     0  fpinit.o(x$fpl$fpinit)
    _printf_fp_dec                           0x000026a7   Thumb Code     4  printf1.o(x$fpl$printf1)
    _printf_fp_hex                           0x000026ab   Thumb Code     4  printf2.o(x$fpl$printf2)
    __I$use$fp                               0x000026ae   Number         0  usenofp.o(x$fpl$usenofp)
    Region$$Table$$Base                      0x000027f4   Number         0  anon$$obj.o(Region$$Table)
    Region$$Table$$Limit                     0x00002804   Number         0  anon$$obj.o(Region$$Table)
    __ctype                                  0x0000282d   Data           0  lc_ctype_c.o(locale$$data)
    __libspace_start                         0x20000000   Data          96  libspace.o(.bss)
    MAGNETIC_STATE                           0x20000060   Data           1  magnetic_switch.o(.bss.MAGNETIC_STATE)
    __temporary_stack_top$libspace           0x20000060   Data           0  libspace.o(.bss)
    distance                                 0x20000064   Data           4  main.o(.bss.distance)
    smoke_mesg                               0x20000068   Data          20  main.o(.bss.smoke_mesg)
    smoke_val                                0x2000007c   Data           4  main.o(.bss.smoke_val)
    started                                  0x20000080   Data           1  main.o(.bss.started)
    time                                     0x20000084   Data           4  main.o(.bss.time)
    ultrasonic_mesg                          0x20000088   Data          20  main.o(.bss.ultrasonic_mesg)



==============================================================================

Memory Map of the image

  Image Entry point : 0x0000039d

  Load Region LR_1 (Base: 0x00000000, Size: 0x00002930, Max: 0xffffffff, ABSOLUTE)

    Execution Region ER_RO (Exec base: 0x00000000, Load base: 0x00000000, Size: 0x00002930, Max: 0xffffffff, ABSOLUTE)

    Exec Addr    Load Addr    Size         Type   Attr      Idx    E Section Name        Object

    0x00000000   0x00000000   0x0000026c   Data   RO           94    RESET               startup_tm4c123.o
    0x0000026c   0x0000026c   0x00000008   Code   RO          121  * !!!main             c_w.l(__main.o)
    0x00000274   0x00000274   0x00000034   Code   RO          458    !!!scatter          c_w.l(__scatter.o)
    0x000002a8   0x000002a8   0x0000001c   Code   RO          460    !!handler_zi        c_w.l(__scatter_zi.o)
    0x000002c4   0x000002c4   0x00000000   Code   RO          205    .ARM.Collect$$_printf_percent$$00000000  c_w.l(_printf_percent.o)
    0x000002c4   0x000002c4   0x00000006   Code   RO          194    .ARM.Collect$$_printf_percent$$00000001  c_w.l(_printf_n.o)
    0x000002ca   0x000002ca   0x00000006   Code   RO          196    .ARM.Collect$$_printf_percent$$00000002  c_w.l(_printf_p.o)
    0x000002d0   0x000002d0   0x00000006   Code   RO          201    .ARM.Collect$$_printf_percent$$00000003  c_w.l(_printf_f.o)
    0x000002d6   0x000002d6   0x00000006   Code   RO          202    .ARM.Collect$$_printf_percent$$00000004  c_w.l(_printf_e.o)
    0x000002dc   0x000002dc   0x00000006   Code   RO          203    .ARM.Collect$$_printf_percent$$00000005  c_w.l(_printf_g.o)
    0x000002e2   0x000002e2   0x00000006   Code   RO          204    .ARM.Collect$$_printf_percent$$00000006  c_w.l(_printf_a.o)
    0x000002e8   0x000002e8   0x0000000a   Code   RO          209    .ARM.Collect$$_printf_percent$$00000007  c_w.l(_printf_ll.o)
    0x000002f2   0x000002f2   0x00000006   Code   RO          198    .ARM.Collect$$_printf_percent$$00000008  c_w.l(_printf_i.o)
    0x000002f8   0x000002f8   0x00000006   Code   RO          199    .ARM.Collect$$_printf_percent$$00000009  c_w.l(_printf_d.o)
    0x000002fe   0x000002fe   0x00000006   Code   RO          200    .ARM.Collect$$_printf_percent$$0000000A  c_w.l(_printf_u.o)
    0x00000304   0x00000304   0x00000006   Code   RO          197    .ARM.Collect$$_printf_percent$$0000000B  c_w.l(_printf_o.o)
    0x0000030a   0x0000030a   0x00000006   Code   RO          195    .ARM.Collect$$_printf_percent$$0000000C  c_w.l(_printf_x.o)
    0x00000310   0x00000310   0x00000006   Code   RO          206    .ARM.Collect$$_printf_percent$$0000000D  c_w.l(_printf_lli.o)
    0x00000316   0x00000316   0x00000006   Code   RO          207    .ARM.Collect$$_printf_percent$$0000000E  c_w.l(_printf_lld.o)
    0x0000031c   0x0000031c   0x00000006   Code   RO          208    .ARM.Collect$$_printf_percent$$0000000F  c_w.l(_printf_llu.o)
    0x00000322   0x00000322   0x00000006   Code   RO          213    .ARM.Collect$$_printf_percent$$00000010  c_w.l(_printf_llo.o)
    0x00000328   0x00000328   0x00000006   Code   RO          214    .ARM.Collect$$_printf_percent$$00000011  c_w.l(_printf_llx.o)
    0x0000032e   0x0000032e   0x0000000a   Code   RO          210    .ARM.Collect$$_printf_percent$$00000012  c_w.l(_printf_l.o)
    0x00000338   0x00000338   0x00000006   Code   RO          192    .ARM.Collect$$_printf_percent$$00000013  c_w.l(_printf_c.o)
    0x0000033e   0x0000033e   0x00000006   Code   RO          193    .ARM.Collect$$_printf_percent$$00000014  c_w.l(_printf_s.o)
    0x00000344   0x00000344   0x00000006   Code   RO          211    .ARM.Collect$$_printf_percent$$00000015  c_w.l(_printf_lc.o)
    0x0000034a   0x0000034a   0x00000006   Code   RO          212    .ARM.Collect$$_printf_percent$$00000016  c_w.l(_printf_ls.o)
    0x00000350   0x00000350   0x00000004   Code   RO          255    .ARM.Collect$$_printf_percent$$00000017  c_w.l(_printf_percent_end.o)
    0x00000354   0x00000354   0x00000002   Code   RO          306    .ARM.Collect$$libinit$$00000000  c_w.l(libinit.o)
    0x00000356   0x00000356   0x00000004   Code   RO          324    .ARM.Collect$$libinit$$00000001  c_w.l(libinit2.o)
    0x0000035a   0x0000035a   0x00000000   Code   RO          327    .ARM.Collect$$libinit$$00000004  c_w.l(libinit2.o)
    0x0000035a   0x0000035a   0x00000000   Code   RO          329    .ARM.Collect$$libinit$$00000006  c_w.l(libinit2.o)
    0x0000035a   0x0000035a   0x00000000   Code   RO          332    .ARM.Collect$$libinit$$0000000C  c_w.l(libinit2.o)
    0x0000035a   0x0000035a   0x00000000   Code   RO          334    .ARM.Collect$$libinit$$0000000E  c_w.l(libinit2.o)
    0x0000035a   0x0000035a   0x00000000   Code   RO          336    .ARM.Collect$$libinit$$00000010  c_w.l(libinit2.o)
    0x0000035a   0x0000035a   0x00000006   Code   RO          337    .ARM.Collect$$libinit$$00000011  c_w.l(libinit2.o)
    0x00000360   0x00000360   0x00000000   Code   RO          339    .ARM.Collect$$libinit$$00000013  c_w.l(libinit2.o)
    0x00000360   0x00000360   0x0000000c   Code   RO          340    .ARM.Collect$$libinit$$00000014  c_w.l(libinit2.o)
    0x0000036c   0x0000036c   0x00000000   Code   RO          341    .ARM.Collect$$libinit$$00000015  c_w.l(libinit2.o)
    0x0000036c   0x0000036c   0x00000000   Code   RO          343    .ARM.Collect$$libinit$$00000017  c_w.l(libinit2.o)
    0x0000036c   0x0000036c   0x0000000a   Code   RO          344    .ARM.Collect$$libinit$$00000018  c_w.l(libinit2.o)
    0x00000376   0x00000376   0x00000000   Code   RO          345    .ARM.Collect$$libinit$$00000019  c_w.l(libinit2.o)
    0x00000376   0x00000376   0x00000000   Code   RO          347    .ARM.Collect$$libinit$$0000001B  c_w.l(libinit2.o)
    0x00000376   0x00000376   0x00000000   Code   RO          349    .ARM.Collect$$libinit$$0000001D  c_w.l(libinit2.o)
    0x00000376   0x00000376   0x00000000   Code   RO          351    .ARM.Collect$$libinit$$0000001F  c_w.l(libinit2.o)
    0x00000376   0x00000376   0x00000000   Code   RO          353    .ARM.Collect$$libinit$$00000021  c_w.l(libinit2.o)
    0x00000376   0x00000376   0x00000000   Code   RO          355    .ARM.Collect$$libinit$$00000023  c_w.l(libinit2.o)
    0x00000376   0x00000376   0x00000000   Code   RO          357    .ARM.Collect$$libinit$$00000025  c_w.l(libinit2.o)
    0x00000376   0x00000376   0x00000000   Code   RO          359    .ARM.Collect$$libinit$$00000027  c_w.l(libinit2.o)
    0x00000376   0x00000376   0x00000000   Code   RO          363    .ARM.Collect$$libinit$$0000002E  c_w.l(libinit2.o)
    0x00000376   0x00000376   0x00000000   Code   RO          365    .ARM.Collect$$libinit$$00000030  c_w.l(libinit2.o)
    0x00000376   0x00000376   0x00000000   Code   RO          367    .ARM.Collect$$libinit$$00000032  c_w.l(libinit2.o)
    0x00000376   0x00000376   0x00000000   Code   RO          369    .ARM.Collect$$libinit$$00000034  c_w.l(libinit2.o)
    0x00000376   0x00000376   0x00000002   Code   RO          370    .ARM.Collect$$libinit$$00000035  c_w.l(libinit2.o)
    0x00000378   0x00000378   0x00000002   Code   RO          394    .ARM.Collect$$libshutdown$$00000000  c_w.l(libshutdown.o)
    0x0000037a   0x0000037a   0x00000000   Code   RO          409    .ARM.Collect$$libshutdown$$00000002  c_w.l(libshutdown2.o)
    0x0000037a   0x0000037a   0x00000000   Code   RO          411    .ARM.Collect$$libshutdown$$00000004  c_w.l(libshutdown2.o)
    0x0000037a   0x0000037a   0x00000000   Code   RO          414    .ARM.Collect$$libshutdown$$00000007  c_w.l(libshutdown2.o)
    0x0000037a   0x0000037a   0x00000000   Code   RO          417    .ARM.Collect$$libshutdown$$0000000A  c_w.l(libshutdown2.o)
    0x0000037a   0x0000037a   0x00000000   Code   RO          419    .ARM.Collect$$libshutdown$$0000000C  c_w.l(libshutdown2.o)
    0x0000037a   0x0000037a   0x00000000   Code   RO          422    .ARM.Collect$$libshutdown$$0000000F  c_w.l(libshutdown2.o)
    0x0000037a   0x0000037a   0x00000002   Code   RO          423    .ARM.Collect$$libshutdown$$00000010  c_w.l(libshutdown2.o)
    0x0000037c   0x0000037c   0x00000000   Code   RO          123    .ARM.Collect$$rtentry$$00000000  c_w.l(__rtentry.o)
    0x0000037c   0x0000037c   0x00000000   Code   RO          224    .ARM.Collect$$rtentry$$00000002  c_w.l(__rtentry2.o)
    0x0000037c   0x0000037c   0x00000006   Code   RO          236    .ARM.Collect$$rtentry$$00000004  c_w.l(__rtentry4.o)
    0x00000382   0x00000382   0x00000000   Code   RO          226    .ARM.Collect$$rtentry$$00000009  c_w.l(__rtentry2.o)
    0x00000382   0x00000382   0x00000004   Code   RO          227    .ARM.Collect$$rtentry$$0000000A  c_w.l(__rtentry2.o)
    0x00000386   0x00000386   0x00000000   Code   RO          229    .ARM.Collect$$rtentry$$0000000C  c_w.l(__rtentry2.o)
    0x00000386   0x00000386   0x00000008   Code   RO          230    .ARM.Collect$$rtentry$$0000000D  c_w.l(__rtentry2.o)
    0x0000038e   0x0000038e   0x00000002   Code   RO          315    .ARM.Collect$$rtexit$$00000000  c_w.l(rtexit.o)
    0x00000390   0x00000390   0x00000000   Code   RO          372    .ARM.Collect$$rtexit$$00000002  c_w.l(rtexit2.o)
    0x00000390   0x00000390   0x00000004   Code   RO          373    .ARM.Collect$$rtexit$$00000003  c_w.l(rtexit2.o)
    0x00000394   0x00000394   0x00000006   Code   RO          374    .ARM.Collect$$rtexit$$00000004  c_w.l(rtexit2.o)
    0x0000039a   0x0000039a   0x00000002   PAD
    0x0000039c   0x0000039c   0x00000114   Code   RO           95  * .text               startup_tm4c123.o
    0x000004b0   0x000004b0   0x0000002c   Code   RO          117    .text               c_w.l(sprintf.o)
    0x000004dc   0x000004dc   0x00000006   Code   RO          119    .text               c_w.l(heapauxi.o)
    0x000004e2   0x000004e2   0x0000004e   Code   RO          126    .text               c_w.l(_printf_pad.o)
    0x00000530   0x00000530   0x00000024   Code   RO          128    .text               c_w.l(_printf_truncate.o)
    0x00000554   0x00000554   0x00000052   Code   RO          130    .text               c_w.l(_printf_str.o)
    0x000005a6   0x000005a6   0x00000002   PAD
    0x000005a8   0x000005a8   0x00000078   Code   RO          132    .text               c_w.l(_printf_dec.o)
    0x00000620   0x00000620   0x00000028   Code   RO          134    .text               c_w.l(_printf_charcount.o)
    0x00000648   0x00000648   0x00000030   Code   RO          136    .text               c_w.l(_printf_char_common.o)
    0x00000678   0x00000678   0x0000000a   Code   RO          138    .text               c_w.l(_sputc.o)
    0x00000682   0x00000682   0x00000002   PAD
    0x00000684   0x00000684   0x000000bc   Code   RO          140    .text               c_w.l(_printf_wctomb.o)
    0x00000740   0x00000740   0x0000007c   Code   RO          143    .text               c_w.l(_printf_longlong_dec.o)
    0x000007bc   0x000007bc   0x00000070   Code   RO          149    .text               c_w.l(_printf_oct_int_ll.o)
    0x0000082c   0x0000082c   0x00000094   Code   RO          169    .text               c_w.l(_printf_hex_int_ll_ptr.o)
    0x000008c0   0x000008c0   0x00000188   Code   RO          189    .text               c_w.l(__printf_flags_ss_wp.o)
    0x00000a48   0x00000a48   0x0000008a   Code   RO          238    .text               c_w.l(lludiv10.o)
    0x00000ad2   0x00000ad2   0x000000b2   Code   RO          240    .text               c_w.l(_printf_intcommon.o)
    0x00000b84   0x00000b84   0x0000041c   Code   RO          242    .text               c_w.l(_printf_fp_dec.o)
    0x00000fa0   0x00000fa0   0x000002fc   Code   RO          246    .text               c_w.l(_printf_fp_hex.o)
    0x0000129c   0x0000129c   0x0000002c   Code   RO          251    .text               c_w.l(_printf_char.o)
    0x000012c8   0x000012c8   0x0000002c   Code   RO          253    .text               c_w.l(_printf_wchar.o)
    0x000012f4   0x000012f4   0x00000048   Code   RO          256    .text               c_w.l(_c16rtomb.o)
    0x0000133c   0x0000133c   0x0000004a   Code   RO          258    .text               c_w.l(sys_stackheap_outer.o)
    0x00001386   0x00001386   0x00000002   PAD
    0x00001388   0x00001388   0x00000010   Code   RO          260    .text               c_w.l(rt_ctype_table.o)
    0x00001398   0x00001398   0x00000008   Code   RO          265    .text               c_w.l(rt_locale_intlibspace.o)
    0x000013a0   0x000013a0   0x00000080   Code   RO          267    .text               c_w.l(_printf_fp_infnan.o)
    0x00001420   0x00001420   0x000000e4   Code   RO          269    .text               c_w.l(bigflt0.o)
    0x00001504   0x00001504   0x00000012   Code   RO          299    .text               c_w.l(exit.o)
    0x00001516   0x00001516   0x00000002   PAD
    0x00001518   0x00001518   0x00000008   Code   RO          312    .text               c_w.l(libspace.o)
    0x00001520   0x00001520   0x0000007c   Code   RO          322    .text               c_w.l(strcmpv7em.o)
    0x0000159c   0x0000159c   0x0000000c   Code   RO          384    .text               c_w.l(sys_exit.o)
    0x000015a8   0x000015a8   0x00000002   Code   RO          399    .text               c_w.l(use_no_semi.o)
    0x000015aa   0x000015aa   0x00000000   Code   RO          401    .text               c_w.l(indicate_semi.o)
    0x000015aa   0x000015aa   0x00000002   PAD
    0x000015ac   0x000015ac   0x0000002a   Code   RO            8    .text.Delay         main.o
    0x000015d6   0x000015d6   0x00000002   PAD
    0x000015d8   0x000015d8   0x00000094   Code   RO           12    .text.Delay_MicroSecond  main.o
    0x0000166c   0x0000166c   0x00000018   Code   RO           83    .text.GPIOD_Handler  magnetic_switch.o
    0x00001684   0x00001684   0x000000a8   Code   RO            6    .text.Measure_distance  main.o
    0x0000172c   0x0000172c   0x00000012   Code   RO          106    .text.SystemInit    system_tm4c123.o
    0x0000173e   0x0000173e   0x00000002   PAD
    0x00001740   0x00001740   0x000000c4   Code   RO            4    .text.Timer0ACapture_init  main.o
    0x00001804   0x00001804   0x00000096   Code   RO           43    .text.adc0_init     adc0.o
    0x0000189a   0x0000189a   0x00000002   PAD
    0x0000189c   0x0000189c   0x000000b8   Code   RO           55    .text.bluetooth_init  bluetooth.o
    0x00001954   0x00001954   0x0000002e   Code   RO           57    .text.bluetooth_write  bluetooth.o
    0x00001982   0x00001982   0x00000002   PAD
    0x00001984   0x00001984   0x00000022   Code   RO           59    .text.bluetooth_write_message  bluetooth.o
    0x000019a6   0x000019a6   0x00000002   PAD
    0x000019a8   0x000019a8   0x00000046   Code   RO           45    .text.get_val_adc0  adc0.o
    0x000019ee   0x000019ee   0x00000002   PAD
    0x000019f0   0x000019f0   0x00000056   Code   RO           70    .text.laser_init    laser.o
    0x00001a46   0x00001a46   0x00000002   PAD
    0x00001a48   0x00001a48   0x0000019a   Code   RO           72    .text.laser_turn_on  laser.o
    0x00001be2   0x00001be2   0x00000002   PAD
    0x00001be4   0x00001be4   0x00000118   Code   RO            2    .text.main          main.o
    0x00001cfc   0x00001cfc   0x00000068   Code   RO           10    .text.portf_init    main.o
    0x00001d64   0x00001d64   0x00000022   Code   RO           34    .text.print_message_uart0  uart0.o
    0x00001d86   0x00001d86   0x00000002   PAD
    0x00001d88   0x00001d88   0x0000002e   Code   RO           32    .text.send_message_uart0  uart0.o
    0x00001db6   0x00001db6   0x00000002   PAD
    0x00001db8   0x00001db8   0x000000aa   Code   RO           30    .text.uart0_init    uart0.o
    0x00001e62   0x00001e62   0x0000003e   Code   RO          272    CL$$btod_d2e        c_w.l(btod.o)
    0x00001ea0   0x00001ea0   0x00000046   Code   RO          274    CL$$btod_d2e_denorm_low  c_w.l(btod.o)
    0x00001ee6   0x00001ee6   0x00000060   Code   RO          273    CL$$btod_d2e_norm_op1  c_w.l(btod.o)
    0x00001f46   0x00001f46   0x00000002   PAD
    0x00001f48   0x00001f48   0x00000338   Code   RO          282    CL$$btod_div_common  c_w.l(btod.o)
    0x00002280   0x00002280   0x000000dc   Code   RO          279    CL$$btod_e2e        c_w.l(btod.o)
    0x0000235c   0x0000235c   0x0000002a   Code   RO          276    CL$$btod_ediv       c_w.l(btod.o)
    0x00002386   0x00002386   0x0000002a   Code   RO          275    CL$$btod_emul       c_w.l(btod.o)
    0x000023b0   0x000023b0   0x00000244   Code   RO          281    CL$$btod_mult_common  c_w.l(btod.o)
    0x000025f4   0x000025f4   0x00000030   Code   RO          310    i.__ARM_fpclassify  m_wm.l(fpclassify.o)
    0x00002624   0x00002624   0x0000000e   Code   RO          182    i._is_digit         c_w.l(__printf_wp.o)
    0x00002632   0x00002632   0x00000002   PAD
    0x00002634   0x00002634   0x0000002c   Code   RO          297    locale$$code        c_w.l(lc_numeric_c.o)
    0x00002660   0x00002660   0x0000002c   Code   RO          320    locale$$code        c_w.l(lc_ctype_c.o)
    0x0000268c   0x0000268c   0x0000001a   Code   RO          382    x$fpl$fpinit        fz_wm.l(fpinit.o)
    0x000026a6   0x000026a6   0x00000004   Code   RO          215    x$fpl$printf1       fz_wm.l(printf1.o)
    0x000026aa   0x000026aa   0x00000004   Code   RO          217    x$fpl$printf2       fz_wm.l(printf2.o)
    0x000026ae   0x000026ae   0x00000000   Code   RO          309    x$fpl$usenofp       fz_wm.l(usenofp.o)
    0x000026ae   0x000026ae   0x00000002   PAD
    0x000026b0   0x000026b0   0x00000008   Data   RO          141    .constdata          c_w.l(_printf_wctomb.o)
    0x000026b8   0x000026b8   0x00000028   Data   RO          170    .constdata          c_w.l(_printf_hex_int_ll_ptr.o)
    0x000026e0   0x000026e0   0x00000011   Data   RO          190    .constdata          c_w.l(__printf_flags_ss_wp.o)
    0x000026f1   0x000026f1   0x00000026   Data   RO          247    .constdata          c_w.l(_printf_fp_hex.o)
    0x00002717   0x00002717   0x00000001   PAD
    0x00002718   0x00002718   0x00000094   Data   RO          270    .constdata          c_w.l(bigflt0.o)
    0x000027ac   0x000027ac   0x00000046   Data   RO           20    .rodata.str1.1      main.o
    0x000027f2   0x000027f2   0x00000002   PAD
    0x000027f4   0x000027f4   0x00000010   Data   RO          457    Region$$Table       anon$$obj.o
    0x00002804   0x00002804   0x0000001c   Data   RO          296    locale$$data        c_w.l(lc_numeric_c.o)
    0x00002820   0x00002820   0x00000110   Data   RO          319    locale$$data        c_w.l(lc_ctype_c.o)


    Execution Region ER_RW (Exec base: 0x20000000, Load base: 0x00002930, Size: 0x00000000, Max: 0xffffffff, ABSOLUTE)

    **** No section assigned to this execution region ****


    Execution Region ER_ZI (Exec base: 0x20000000, Load base: 0x00002930, Size: 0x000002a0, Max: 0xffffffff, ABSOLUTE)

    Exec Addr    Load Addr    Size         Type   Attr      Idx    E Section Name        Object

    0x20000000        -       0x00000060   Zero   RW          313    .bss                c_w.l(libspace.o)
    0x20000060        -       0x00000001   Zero   RW           85    .bss.MAGNETIC_STATE  magnetic_switch.o
    0x20000061   0x00002930   0x00000003   PAD
    0x20000064        -       0x00000004   Zero   RW           18    .bss.distance       main.o
    0x20000068        -       0x00000014   Zero   RW           21    .bss.smoke_mesg     main.o
    0x2000007c        -       0x00000004   Zero   RW           16    .bss.smoke_val      main.o
    0x20000080        -       0x00000001   Zero   RW           14    .bss.started        main.o
    0x20000081   0x00002930   0x00000003   PAD
    0x20000084        -       0x00000004   Zero   RW           17    .bss.time           main.o
    0x20000088        -       0x00000014   Zero   RW           19    .bss.ultrasonic_mesg  main.o
    0x2000009c   0x00002930   0x00000004   PAD
    0x200000a0        -       0x00000000   Zero   RW           93    HEAP                startup_tm4c123.o
    0x200000a0        -       0x00000200   Zero   RW           92    STACK               startup_tm4c123.o


==============================================================================

Image component sizes


      Code (inc. data)   RO Data    RW Data    ZI Data      Debug   Object Name

       220          0          0          0          0       6952   adc0.o
       264          0          0          0          0       6494   bluetooth.o
       496          0          0          0          0       5977   laser.o
        24          0          0          0          1       5594   magnetic_switch.o
       938          0         70          0         53       7421   main.o
       276         24        620          0        512       5492   startup_tm4c123.o
        18          0          0          0          0       6629   system_tm4c123.o
       250          0          0          0          0       6281   uart0.o

    ----------------------------------------------------------------------
      2506         24        708          0        576      50840   Object Totals
         0          0         16          0          0          0   (incl. Generated)
        20          0          2          0         10          0   (incl. Padding)

    ----------------------------------------------------------------------

      Code (inc. data)   RO Data    RW Data    ZI Data      Debug   Library Member Name

         8          0          0          0          0         68   __main.o
       392          4         17          0          0         92   __printf_flags_ss_wp.o
        14          0          0          0          0         68   __printf_wp.o
         0          0          0          0          0          0   __rtentry.o
        12          0          0          0          0          0   __rtentry2.o
         6          0          0          0          0          0   __rtentry4.o
        52          8          0          0          0          0   __scatter.o
        28          0          0          0          0          0   __scatter_zi.o
        72          0          0          0          0         96   _c16rtomb.o
         6          0          0          0          0          0   _printf_a.o
         6          0          0          0          0          0   _printf_c.o
        44          0          0          0          0        108   _printf_char.o
        48          6          0          0          0         96   _printf_char_common.o
        40          0          0          0          0         68   _printf_charcount.o
         6          0          0          0          0          0   _printf_d.o
       120         16          0          0          0         92   _printf_dec.o
         6          0          0          0          0          0   _printf_e.o
         6          0          0          0          0          0   _printf_f.o
      1052          0          0          0          0        148   _printf_fp_dec.o
       764          8         38          0          0        100   _printf_fp_hex.o
       128         16          0          0          0         84   _printf_fp_infnan.o
         6          0          0          0          0          0   _printf_g.o
       148          4         40          0          0        160   _printf_hex_int_ll_ptr.o
         6          0          0          0          0          0   _printf_i.o
       178          0          0          0          0         88   _printf_intcommon.o
        10          0          0          0          0          0   _printf_l.o
         6          0          0          0          0          0   _printf_lc.o
        10          0          0          0          0          0   _printf_ll.o
         6          0          0          0          0          0   _printf_lld.o
         6          0          0          0          0          0   _printf_lli.o
         6          0          0          0          0          0   _printf_llo.o
         6          0          0          0          0          0   _printf_llu.o
         6          0          0          0          0          0   _printf_llx.o
       124         16          0          0          0         92   _printf_longlong_dec.o
         6          0          0          0          0          0   _printf_ls.o
         6          0          0          0          0          0   _printf_n.o
         6          0          0          0          0          0   _printf_o.o
       112          8          0          0          0        124   _printf_oct_int_ll.o
         6          0          0          0          0          0   _printf_p.o
        78          0          0          0          0        108   _printf_pad.o
         0          0          0          0          0          0   _printf_percent.o
         4          0          0          0          0          0   _printf_percent_end.o
         6          0          0          0          0          0   _printf_s.o
        82          0          0          0          0         80   _printf_str.o
        36          0          0          0          0         84   _printf_truncate.o
         6          0          0          0          0          0   _printf_u.o
        44          0          0          0          0        108   _printf_wchar.o
       188          6          8          0          0         92   _printf_wctomb.o
         6          0          0          0          0          0   _printf_x.o
        10          0          0          0          0         68   _sputc.o
       228          4        148          0          0         96   bigflt0.o
      1936        128          0          0          0        668   btod.o
        18          0          0          0          0         80   exit.o
         6          0          0          0          0        152   heapauxi.o
         0          0          0          0          0          0   indicate_semi.o
        44         10        272          0          0         76   lc_ctype_c.o
        44         10         28          0          0         76   lc_numeric_c.o
         2          0          0          0          0          0   libinit.o
        34          0          0          0          0          0   libinit2.o
         2          0          0          0          0          0   libshutdown.o
         2          0          0          0          0          0   libshutdown2.o
         8          4          0          0         96         68   libspace.o
       138          0          0          0          0         80   lludiv10.o
        16          4          0          0          0         76   rt_ctype_table.o
         8          4          0          0          0         68   rt_locale_intlibspace.o
         2          0          0          0          0          0   rtexit.o
        10          0          0          0          0          0   rtexit2.o
        44          6          0          0          0         84   sprintf.o
       124          0          0          0          0         88   strcmpv7em.o
        12          4          0          0          0         68   sys_exit.o
        74          0          0          0          0         80   sys_stackheap_outer.o
         2          0          0          0          0         68   use_no_semi.o
        26          0          0          0          0        116   fpinit.o
         4          0          0          0          0        116   printf1.o
         4          0          0          0          0        116   printf2.o
         0          0          0          0          0          0   usenofp.o
        48          0          0          0          0        124   fpclassify.o

    ----------------------------------------------------------------------
      6778        266        552          0         96       4324   Library Totals
        18          0          1          0          0          0   (incl. Padding)

    ----------------------------------------------------------------------

      Code (inc. data)   RO Data    RW Data    ZI Data      Debug   Library Name

      6678        266        551          0         96       3852   c_w.l
        34          0          0          0          0        348   fz_wm.l
        48          0          0          0          0        124   m_wm.l

    ----------------------------------------------------------------------
      6778        266        552          0         96       4324   Library Totals

    ----------------------------------------------------------------------

==============================================================================


      Code (inc. data)   RO Data    RW Data    ZI Data      Debug   

      9284        290       1260          0        672      52748   Grand Totals
      9284        290       1260          0        672      52748   ELF Image Totals
      9284        290       1260          0          0          0   ROM Totals

==============================================================================

    Total RO  Size (Code + RO Data)                10544 (  10.30kB)
    Total RW  Size (RW Data + ZI Data)               672 (   0.66kB)
    Total ROM Size (Code + RO Data + RW Data)      10544 (  10.30kB)

==============================================================================

